Archive member included to satisfy reference by file (symbol)

c:/progra~2/gnuarm~1/102020~1/bin/../lib/gcc/arm-none-eabi/10.2.1/thumb/v6-m/nofp\libgcc.a(_dvmd_tls.o)
                              CMakeFiles/Precision_inductance_meter.dir/C_/VSARM/sdk/pico/pico-sdk/src/rp2_common/pico_divider/divider.S.obj (__aeabi_idiv0)
c:/progra~2/gnuarm~1/102020~1/bin/../lib/gcc/arm-none-eabi/10.2.1/../../../../arm-none-eabi/lib/thumb/v6-m/nofp\libg.a(lib_a-calloc.o)
                              CMakeFiles/Precision_inductance_meter.dir/C_/VSARM/sdk/pico/pico-sdk/src/rp2_common/pico_malloc/pico_malloc.c.obj (calloc)
c:/progra~2/gnuarm~1/102020~1/bin/../lib/gcc/arm-none-eabi/10.2.1/../../../../arm-none-eabi/lib/thumb/v6-m/nofp\libg.a(lib_a-callocr.o)
                              c:/progra~2/gnuarm~1/102020~1/bin/../lib/gcc/arm-none-eabi/10.2.1/../../../../arm-none-eabi/lib/thumb/v6-m/nofp\libg.a(lib_a-calloc.o) (_calloc_r)
c:/progra~2/gnuarm~1/102020~1/bin/../lib/gcc/arm-none-eabi/10.2.1/../../../../arm-none-eabi/lib/thumb/v6-m/nofp\libg.a(lib_a-ctype_.o)
                              CMakeFiles/Precision_inductance_meter.dir/C_/VSARM/sdk/pico/pico-sdk/lib/tinyusb/src/tusb.c.obj (_ctype_)
c:/progra~2/gnuarm~1/102020~1/bin/../lib/gcc/arm-none-eabi/10.2.1/../../../../arm-none-eabi/lib/thumb/v6-m/nofp\libg.a(lib_a-impure.o)
                              c:/progra~2/gnuarm~1/102020~1/bin/../lib/gcc/arm-none-eabi/10.2.1/../../../../arm-none-eabi/lib/thumb/v6-m/nofp\libg.a(lib_a-calloc.o) (_impure_ptr)
c:/progra~2/gnuarm~1/102020~1/bin/../lib/gcc/arm-none-eabi/10.2.1/../../../../arm-none-eabi/lib/thumb/v6-m/nofp\libg.a(lib_a-init.o)
                              c:/progra~2/gnuarm~1/102020~1/bin/../lib/gcc/arm-none-eabi/10.2.1/../../../../arm-none-eabi/lib/thumb/v6-m/nofp/crt0.o (__libc_init_array)
c:/progra~2/gnuarm~1/102020~1/bin/../lib/gcc/arm-none-eabi/10.2.1/../../../../arm-none-eabi/lib/thumb/v6-m/nofp\libg.a(lib_a-malloc.o)
                              CMakeFiles/Precision_inductance_meter.dir/C_/VSARM/sdk/pico/pico-sdk/src/rp2_common/pico_malloc/pico_malloc.c.obj (malloc)
c:/progra~2/gnuarm~1/102020~1/bin/../lib/gcc/arm-none-eabi/10.2.1/../../../../arm-none-eabi/lib/thumb/v6-m/nofp\libg.a(lib_a-mallocr.o)
                              c:/progra~2/gnuarm~1/102020~1/bin/../lib/gcc/arm-none-eabi/10.2.1/../../../../arm-none-eabi/lib/thumb/v6-m/nofp\libg.a(lib_a-callocr.o) (_malloc_r)
c:/progra~2/gnuarm~1/102020~1/bin/../lib/gcc/arm-none-eabi/10.2.1/../../../../arm-none-eabi/lib/thumb/v6-m/nofp\libg.a(lib_a-mlock.o)
                              c:/progra~2/gnuarm~1/102020~1/bin/../lib/gcc/arm-none-eabi/10.2.1/../../../../arm-none-eabi/lib/thumb/v6-m/nofp\libg.a(lib_a-mallocr.o) (__malloc_lock)
c:/progra~2/gnuarm~1/102020~1/bin/../lib/gcc/arm-none-eabi/10.2.1/../../../../arm-none-eabi/lib/thumb/v6-m/nofp\libg.a(lib_a-sbrkr.o)
                              c:/progra~2/gnuarm~1/102020~1/bin/../lib/gcc/arm-none-eabi/10.2.1/../../../../arm-none-eabi/lib/thumb/v6-m/nofp\libg.a(lib_a-mallocr.o) (_sbrk_r)
c:/progra~2/gnuarm~1/102020~1/bin/../lib/gcc/arm-none-eabi/10.2.1/../../../../arm-none-eabi/lib/thumb/v6-m/nofp\libg.a(lib_a-strlen-stub.o)
                              CMakeFiles/Precision_inductance_meter.dir/C_/VSARM/sdk/pico/pico-sdk/src/rp2_common/pico_stdio/stdio.c.obj (strlen)
c:/progra~2/gnuarm~1/102020~1/bin/../lib/gcc/arm-none-eabi/10.2.1/../../../../arm-none-eabi/lib/thumb/v6-m/nofp\libg.a(lib_a-freer.o)
                              c:/progra~2/gnuarm~1/102020~1/bin/../lib/gcc/arm-none-eabi/10.2.1/../../../../arm-none-eabi/lib/thumb/v6-m/nofp\libg.a(lib_a-malloc.o) (_free_r)
c:/progra~2/gnuarm~1/102020~1/bin/../lib/gcc/arm-none-eabi/10.2.1/../../../../arm-none-eabi/lib/thumb/v6-m/nofp\libg.a(lib_a-lock.o)
                              c:/progra~2/gnuarm~1/102020~1/bin/../lib/gcc/arm-none-eabi/10.2.1/../../../../arm-none-eabi/lib/thumb/v6-m/nofp\libg.a(lib_a-mlock.o) (__retarget_lock_acquire_recursive)
c:/progra~2/gnuarm~1/102020~1/bin/../lib/gcc/arm-none-eabi/10.2.1/../../../../arm-none-eabi/lib/thumb/v6-m/nofp\libg.a(lib_a-reent.o)
                              c:/progra~2/gnuarm~1/102020~1/bin/../lib/gcc/arm-none-eabi/10.2.1/../../../../arm-none-eabi/lib/thumb/v6-m/nofp\libg.a(lib_a-sbrkr.o) (errno)

Discarded input sections

 .text          0x00000000        0x0 c:/progra~2/gnuarm~1/102020~1/bin/../lib/gcc/arm-none-eabi/10.2.1/thumb/v6-m/nofp/crti.o
 .data          0x00000000        0x0 c:/progra~2/gnuarm~1/102020~1/bin/../lib/gcc/arm-none-eabi/10.2.1/thumb/v6-m/nofp/crti.o
 .bss           0x00000000        0x0 c:/progra~2/gnuarm~1/102020~1/bin/../lib/gcc/arm-none-eabi/10.2.1/thumb/v6-m/nofp/crti.o
 .data          0x00000000        0x4 c:/progra~2/gnuarm~1/102020~1/bin/../lib/gcc/arm-none-eabi/10.2.1/thumb/v6-m/nofp/crtbegin.o
 .rodata        0x00000000       0x24 c:/progra~2/gnuarm~1/102020~1/bin/../lib/gcc/arm-none-eabi/10.2.1/thumb/v6-m/nofp/crtbegin.o
[...]
Memory Configuration

Name             Origin             Length             Attributes
FLASH            0x10000000         0x00200000         xr
RAM              0x20000000         0x00040000         xrw
SCRATCH_X        0x20040000         0x00001000         xrw
SCRATCH_Y        0x20041000         0x00001000         xrw
*default*        0x00000000         0xffffffff

Linker script and memory map

LOAD c:/progra~2/gnuarm~1/102020~1/bin/../lib/gcc/arm-none-eabi/10.2.1/thumb/v6-m/nofp/crti.o
LOAD c:/progra~2/gnuarm~1/102020~1/bin/../lib/gcc/arm-none-eabi/10.2.1/thumb/v6-m/nofp/crtbegin.o
LOAD c:/progra~2/gnuarm~1/102020~1/bin/../lib/gcc/arm-none-eabi/10.2.1/../../../../arm-none-eabi/lib/thumb/v6-m/nofp/crt0.o

.flash_begin    0x10000000        0x0
                0x10000000                __flash_binary_start = .

.boot2          0x10000000      0x100
                0x10000000                __boot2_start__ = .
 *(.boot2)
 .boot2         0x10000000      0x100 C:\Users\10052\AppData\Local\Temp\ccuEKOWd.o
                0x10000100                __boot2_end__ = .
                0x00000001                ASSERT (((__boot2_end__ - __boot2_start__) == 0x100), ERROR: Pico second stage bootloader must be 256 bytes in size)

.text           0x10000100     0x7978
                0x10000100                __logical_binary_start = .
 *(.vectors)
 .vectors       0x10000100       0xd4 CMakeFiles/Precision_inductance_meter.dir/C_/VSARM/sdk/pico/pico-sdk/src/rp2_common/pico_standard_link/crt0.S.obj
                0x10000100                __VECTOR_TABLE
                0x10000100                __vectors
                0x100001c0                isr_invalid
                0x100001c0                __default_isrs_start
                0x100001c2                isr_nmi
                0x100001c4                isr_hardfault
                0x100001c6                isr_svcall
                0x100001c8                isr_pendsv
                0x100001ca                isr_systick
                0x100001cc                isr_irq23
                0x100001cc                isr_irq18
                0x100001cc                isr_irq11
                0x100001cc                isr_irq28
                0x100001cc                isr_irq19
                0x100001cc                isr_irq0
                0x100001cc                isr_irq6
                0x100001cc                isr_irq5
                0x100001cc                isr_irq12
                0x100001cc                isr_irq22
                0x100001cc                isr_irq31
                0x100001cc                isr_irq17
                0x100001cc                isr_irq27
                0x100001cc                isr_irq30
                0x100001cc                isr_irq2
                0x100001cc                isr_irq10
                0x100001cc                isr_irq8
                0x100001cc                isr_irq24
                0x100001cc                isr_irq1
                0x100001cc                isr_irq7
                0x100001cc                isr_irq21
                0x100001cc                isr_irq20
                0x100001cc                isr_irq15
                0x100001cc                isr_irq25
                0x100001cc                isr_irq13
                0x100001cc                __unhandled_user_irq
                0x100001cc                isr_irq4
                0x100001cc                isr_irq16
                0x100001cc                isr_irq29
                0x100001cc                isr_irq26
                0x100001cc                __default_isrs_end
                0x100001cc                isr_irq3
                0x100001cc                isr_irq14
                0x100001cc                isr_irq9
                0x100001d2                unhandled_user_irq_num_in_r0
 *(.binary_info_header)
 .binary_info_header
                0x100001d4       0x14 CMakeFiles/Precision_inductance_meter.dir/C_/VSARM/sdk/pico/pico-sdk/src/rp2_common/pico_standard_link/crt0.S.obj
                0x100001e8                __binary_info_header_end = .
 *(.reset)
 .reset         0x100001e8       0xa8 CMakeFiles/Precision_inductance_meter.dir/C_/VSARM/sdk/pico/pico-sdk/src/rp2_common/pico_standard_link/crt0.S.obj
                0x100001e8                _entry_point
                0x10000266                __get_current_exception
 .reset         0x10000290       0x30 CMakeFiles/Precision_inductance_meter.dir/C_/VSARM/sdk/pico/pico-sdk/src/rp2_common/pico_standard_link/binary_info.c.obj
 *(.init)
 .init          0x100002c0        0x4 c:/progra~2/gnuarm~1/102020~1/bin/../lib/gcc/arm-none-eabi/10.2.1/thumb/v6-m/nofp/crti.o
                0x100002c0                _init
 *(EXCLUDE_FILE(*libm.a: *libc.a:*lib_a-mem*.o *libgcc.a:) .text*)
 .text          0x100002c4       0x48 c:/progra~2/gnuarm~1/102020~1/bin/../lib/gcc/arm-none-eabi/10.2.1/thumb/v6-m/nofp/crtbegin.o
 .text._Z17RunFrequencySweepv
                0x1000030c       0xa4 CMakeFiles/Precision_inductance_meter.dir/main.cpp.obj
                0x1000030c                RunFrequencySweep()
 .text._Z13GetInductancev
                0x100003b0       0x58 CMakeFiles/Precision_inductance_meter.dir/main.cpp.obj
                0x100003b0                GetInductance()
 .text.main     0x10000408       0xb0 CMakeFiles/Precision_inductance_meter.dir/main.cpp.obj
                0x10000408                main
 .text._ZN19PeripheralFunctions7InitPWMEj
                0x100004b8       0x58 CMakeFiles/Precision_inductance_meter.dir/peripheral_functions.cpp.obj
                0x100004b8                PeripheralFunctions::InitPWM(unsigned int)
 .text._ZN19PeripheralFunctions9ChangePWMEm
                0x10000510       0x7c CMakeFiles/Precision_inductance_meter.dir/peripheral_functions.cpp.obj
                0x10000510                PeripheralFunctions::ChangePWM(unsigned long)
 .text._ZN19PeripheralFunctions7InitADCEjm
                0x1000058c      0x12c CMakeFiles/Precision_inductance_meter.dir/peripheral_functions.cpp.obj
                0x1000058c                PeripheralFunctions::InitADC(unsigned int, unsigned long)
 .text._ZN19PeripheralFunctions16ChangeSampleRateEm
                0x100006b8       0x34 CMakeFiles/Precision_inductance_meter.dir/peripheral_functions.cpp.obj
                0x100006b8                PeripheralFunctions::ChangeSampleRate(unsigned long)
 .text._ZN19PeripheralFunctions9SampleADCEPtj
                0x100006ec       0x60 CMakeFiles/Precision_inductance_meter.dir/peripheral_functions.cpp.obj
                0x100006ec                PeripheralFunctions::SampleADC(unsigned short*, unsigned int)
 .text._ZN16SignalProcessing16ComputeDFTAtFreqEPtmm
                0x1000074c      0x114 CMakeFiles/Precision_inductance_meter.dir/signal_processing.cpp.obj
                0x1000074c                SignalProcessing::ComputeDFTAtFreq(unsigned short*, unsigned long, unsigned long)
 .text._ZN16SignalProcessing18GetIndexWithMaxValEPft
                0x10000860       0x40 CMakeFiles/Precision_inductance_meter.dir/signal_processing.cpp.obj
                0x10000860                SignalProcessing::GetIndexWithMaxVal(float*, unsigned short)
 .text._ZN16SignalProcessing11ReduceNoiseEPf
                0x100008a0       0x50 CMakeFiles/Precision_inductance_meter.dir/signal_processing.cpp.obj
                0x100008a0                SignalProcessing::ReduceNoise(float*)
 .text._ZN16SignalProcessing13GetScaledFreqEt
                0x100008f0       0x30 CMakeFiles/Precision_inductance_meter.dir/signal_processing.cpp.obj
                0x100008f0                SignalProcessing::GetScaledFreq(unsigned short)
 .text._ZN16SignalProcessing12GetPeakValueEPf
                0x10000920       0x2c CMakeFiles/Precision_inductance_meter.dir/signal_processing.cpp.obj
                0x10000920                SignalProcessing::GetPeakValue(float*)
 .text._ZN16SignalProcessing15GetAverageValueEPf
                0x1000094c       0x44 CMakeFiles/Precision_inductance_meter.dir/signal_processing.cpp.obj
                0x1000094c                SignalProcessing::GetAverageValue(float*)
 .text._ZN12LookupTables6GetCosEf
                0x10000990       0x60 CMakeFiles/Precision_inductance_meter.dir/dft_lookup_tables.cpp.obj
                0x10000990                LookupTables::GetCos(float)
 .text._ZN12LookupTables6GetSinEf
                0x100009f0       0x70 CMakeFiles/Precision_inductance_meter.dir/dft_lookup_tables.cpp.obj
                0x100009f0                LookupTables::GetSin(float)
 .text.gpio_set_function
                0x10000a60       0x30 CMakeFiles/Precision_inductance_meter.dir/C_/VSARM/sdk/pico/pico-sdk/src/rp2_common/hardware_gpio/gpio.c.obj
                0x10000a60                gpio_set_function
 .text.gpio_set_pulls
                0x10000a90       0x34 CMakeFiles/Precision_inductance_meter.dir/C_/VSARM/sdk/pico/pico-sdk/src/rp2_common/hardware_gpio/gpio.c.obj
                0x10000a90                gpio_set_pulls
 .text.gpio_set_input_enabled
                0x10000ac4       0x30 CMakeFiles/Precision_inductance_meter.dir/C_/VSARM/sdk/pico/pico-sdk/src/rp2_common/hardware_gpio/gpio.c.obj
                0x10000ac4                gpio_set_input_enabled
 .text.gpio_init
                0x10000af4       0x16 CMakeFiles/Precision_inductance_meter.dir/C_/VSARM/sdk/pico/pico-sdk/src/rp2_common/hardware_gpio/gpio.c.obj
                0x10000af4                gpio_init
 *fill*         0x10000b0a        0x2 
 .text.hw_claim_lock
                0x10000b0c       0x18 CMakeFiles/Precision_inductance_meter.dir/C_/VSARM/sdk/pico/pico-sdk/src/rp2_common/hardware_claim/claim.c.obj
                0x10000b0c                hw_claim_lock
 .text.hw_claim_unlock
                0x10000b24       0x14 CMakeFiles/Precision_inductance_meter.dir/C_/VSARM/sdk/pico/pico-sdk/src/rp2_common/hardware_claim/claim.c.obj
                0x10000b24                hw_claim_unlock
 .text.hw_claim_or_assert
                0x10000b38       0x32 CMakeFiles/Precision_inductance_meter.dir/C_/VSARM/sdk/pico/pico-sdk/src/rp2_common/hardware_claim/claim.c.obj
                0x10000b38                hw_claim_or_assert
 .text.hw_claim_unused_from_range
                0x10000b6a       0x50 CMakeFiles/Precision_inductance_meter.dir/C_/VSARM/sdk/pico/pico-sdk/src/rp2_common/hardware_claim/claim.c.obj
                0x10000b6a                hw_claim_unused_from_range
 *fill*         0x10000bba        0x2 
 .text.running_on_fpga
                0x10000bbc       0x14 CMakeFiles/Precision_inductance_meter.dir/C_/VSARM/sdk/pico/pico-sdk/src/rp2_common/pico_platform/platform.c.obj
                0x10000bbc                running_on_fpga
 .text.spin_locks_reset
                0x10000bd0       0x20 CMakeFiles/Precision_inductance_meter.dir/C_/VSARM/sdk/pico/pico-sdk/src/rp2_common/hardware_sync/sync.c.obj
                0x10000bd0                spin_locks_reset
 .text.next_striped_spin_lock_num
                0x10000bf0       0x1c CMakeFiles/Precision_inductance_meter.dir/C_/VSARM/sdk/pico/pico-sdk/src/rp2_common/hardware_sync/sync.c.obj
                0x10000bf0                next_striped_spin_lock_num
 .text.spin_lock_claim_unused
                0x10000c0c       0x20 CMakeFiles/Precision_inductance_meter.dir/C_/VSARM/sdk/pico/pico-sdk/src/rp2_common/hardware_sync/sync.c.obj
                0x10000c0c                spin_lock_claim_unused
 .text.alarm_pool_post_alloc_init
                0x10000c2c       0x40 CMakeFiles/Precision_inductance_meter.dir/C_/VSARM/sdk/pico/pico-sdk/src/common/pico_time/time.c.obj
 .text.sleep_until_callback
                0x10000c6c       0x30 CMakeFiles/Precision_inductance_meter.dir/C_/VSARM/sdk/pico/pico-sdk/src/common/pico_time/time.c.obj
 .text.timer_pool_entry_comparator
                0x10000c9c       0x7c CMakeFiles/Precision_inductance_meter.dir/C_/VSARM/sdk/pico/pico-sdk/src/common/pico_time/time.c.obj
                0x10000c9c                timer_pool_entry_comparator
 .text.ph_add_child_node
                0x10000d18       0xa4 CMakeFiles/Precision_inductance_meter.dir/C_/VSARM/sdk/pico/pico-sdk/src/common/pico_time/time.c.obj
 .text.ph_merge_nodes
                0x10000dbc       0x3e CMakeFiles/Precision_inductance_meter.dir/C_/VSARM/sdk/pico/pico-sdk/src/common/pico_time/time.c.obj
 *fill*         0x10000dfa        0x2 
 .text.add_alarm_under_lock
                0x10000dfc      0x174 CMakeFiles/Precision_inductance_meter.dir/C_/VSARM/sdk/pico/pico-sdk/src/common/pico_time/time.c.obj
 .text.alarm_pool_alarm_callback
                0x10000f70      0x328 CMakeFiles/Precision_inductance_meter.dir/C_/VSARM/sdk/pico/pico-sdk/src/common/pico_time/time.c.obj
 .text.alarm_pool_init_default
                0x10001298       0x38 CMakeFiles/Precision_inductance_meter.dir/C_/VSARM/sdk/pico/pico-sdk/src/common/pico_time/time.c.obj
                0x10001298                alarm_pool_init_default
 .text.alarm_pool_get_default
                0x100012d0       0x2c CMakeFiles/Precision_inductance_meter.dir/C_/VSARM/sdk/pico/pico-sdk/src/common/pico_time/time.c.obj
                0x100012d0                alarm_pool_get_default
 .text.alarm_pool_add_alarm_at
                0x100012fc      0x170 CMakeFiles/Precision_inductance_meter.dir/C_/VSARM/sdk/pico/pico-sdk/src/common/pico_time/time.c.obj
                0x100012fc                alarm_pool_add_alarm_at
 .text.alarm_pool_cancel_alarm
                0x1000146c       0xf0 CMakeFiles/Precision_inductance_meter.dir/C_/VSARM/sdk/pico/pico-sdk/src/common/pico_time/time.c.obj
                0x1000146c                alarm_pool_cancel_alarm
 .text.sleep_until
                0x1000155c       0xfc CMakeFiles/Precision_inductance_meter.dir/C_/VSARM/sdk/pico/pico-sdk/src/common/pico_time/time.c.obj
                0x1000155c                sleep_until
 .text.sleep_us
                0x10001658       0x58 CMakeFiles/Precision_inductance_meter.dir/C_/VSARM/sdk/pico/pico-sdk/src/common/pico_time/time.c.obj
                0x10001658                sleep_us
 .text.sleep_ms
                0x100016b0       0x14 CMakeFiles/Precision_inductance_meter.dir/C_/VSARM/sdk/pico/pico-sdk/src/common/pico_time/time.c.obj
                0x100016b0                sleep_ms
 .text.best_effort_wfe_or_timeout
                0x100016c4       0x80 CMakeFiles/Precision_inductance_meter.dir/C_/VSARM/sdk/pico/pico-sdk/src/common/pico_time/time.c.obj
                0x100016c4                best_effort_wfe_or_timeout
 .text.hardware_alarm_irq_handler
                0x10001744       0x8c CMakeFiles/Precision_inductance_meter.dir/C_/VSARM/sdk/pico/pico-sdk/src/rp2_common/hardware_timer/timer.c.obj
 .text.hardware_alarm_claim
                0x100017d0       0x18 CMakeFiles/Precision_inductance_meter.dir/C_/VSARM/sdk/pico/pico-sdk/src/rp2_common/hardware_timer/timer.c.obj
                0x100017d0                hardware_alarm_claim
 .text.time_us_64
                0x100017e8       0x18 CMakeFiles/Precision_inductance_meter.dir/C_/VSARM/sdk/pico/pico-sdk/src/rp2_common/hardware_timer/timer.c.obj
                0x100017e8                time_us_64
 .text.busy_wait_until
                0x10001800       0x28 CMakeFiles/Precision_inductance_meter.dir/C_/VSARM/sdk/pico/pico-sdk/src/rp2_common/hardware_timer/timer.c.obj
                0x10001800                busy_wait_until
 .text.hardware_alarm_set_callback
                0x10001828       0x90 CMakeFiles/Precision_inductance_meter.dir/C_/VSARM/sdk/pico/pico-sdk/src/rp2_common/hardware_timer/timer.c.obj
                0x10001828                hardware_alarm_set_callback
 .text.hardware_alarm_set_target
                0x100018b8       0xe8 CMakeFiles/Precision_inductance_meter.dir/C_/VSARM/sdk/pico/pico-sdk/src/rp2_common/hardware_timer/timer.c.obj
                0x100018b8                hardware_alarm_set_target
 .text.hardware_alarm_cancel
                0x100019a0       0x40 CMakeFiles/Precision_inductance_meter.dir/C_/VSARM/sdk/pico/pico-sdk/src/rp2_common/hardware_timer/timer.c.obj
                0x100019a0                hardware_alarm_cancel
 .text.lock_init
                0x100019e0       0x10 CMakeFiles/Precision_inductance_meter.dir/C_/VSARM/sdk/pico/pico-sdk/src/common/pico_sync/lock_core.c.obj
                0x100019e0                lock_init
 .text.mutex_init
                0x100019f0       0x1a CMakeFiles/Precision_inductance_meter.dir/C_/VSARM/sdk/pico/pico-sdk/src/common/pico_sync/mutex.c.obj
                0x100019f0                mutex_init
 .text.recursive_mutex_init
                0x10001a0a       0x1e CMakeFiles/Precision_inductance_meter.dir/C_/VSARM/sdk/pico/pico-sdk/src/common/pico_sync/mutex.c.obj
                0x10001a0a                recursive_mutex_init
 .text.critical_section_init_with_lock_num
                0x10001a28       0x14 CMakeFiles/Precision_inductance_meter.dir/C_/VSARM/sdk/pico/pico-sdk/src/common/pico_sync/critical_section.c.obj
                0x10001a28                critical_section_init_with_lock_num
 .text.critical_section_init
                0x10001a3c       0x14 CMakeFiles/Precision_inductance_meter.dir/C_/VSARM/sdk/pico/pico-sdk/src/common/pico_sync/critical_section.c.obj
                0x10001a3c                critical_section_init
 .text.ph_add_child_node
                0x10001a50       0xa4 CMakeFiles/Precision_inductance_meter.dir/C_/VSARM/sdk/pico/pico-sdk/src/common/pico_util/pheap.c.obj
 .text.ph_merge_nodes
                0x10001af4       0x3e CMakeFiles/Precision_inductance_meter.dir/C_/VSARM/sdk/pico/pico-sdk/src/common/pico_util/pheap.c.obj
 *fill*         0x10001b32        0x2 
 .text.ph_clear
                0x10001b34       0x70 CMakeFiles/Precision_inductance_meter.dir/C_/VSARM/sdk/pico/pico-sdk/src/common/pico_util/pheap.c.obj
                0x10001b34                ph_clear
 .text.ph_post_alloc_init
                0x10001ba4        0xe CMakeFiles/Precision_inductance_meter.dir/C_/VSARM/sdk/pico/pico-sdk/src/common/pico_util/pheap.c.obj
                0x10001ba4                ph_post_alloc_init
 *fill*         0x10001bb2        0x2 
 .text.ph_merge_two_pass
                0x10001bb4       0xa8 CMakeFiles/Precision_inductance_meter.dir/C_/VSARM/sdk/pico/pico-sdk/src/common/pico_util/pheap.c.obj
                0x10001bb4                ph_merge_two_pass
 .text.ph_remove_any_head
                0x10001c5c      0x108 CMakeFiles/Precision_inductance_meter.dir/C_/VSARM/sdk/pico/pico-sdk/src/common/pico_util/pheap.c.obj
 .text.ph_remove_head
                0x10001d64       0x14 CMakeFiles/Precision_inductance_meter.dir/C_/VSARM/sdk/pico/pico-sdk/src/common/pico_util/pheap.c.obj
                0x10001d64                ph_remove_head
 .text.ph_remove_and_free_node
                0x10001d78       0xf8 CMakeFiles/Precision_inductance_meter.dir/C_/VSARM/sdk/pico/pico-sdk/src/common/pico_util/pheap.c.obj
                0x10001d78                ph_remove_and_free_node
 .text._exit    0x10001e70        0x4 CMakeFiles/Precision_inductance_meter.dir/C_/VSARM/sdk/pico/pico-sdk/src/rp2_common/pico_runtime/runtime.c.obj
                0x10001e70                _exit
 .text.exit     0x10001e74        0x6 CMakeFiles/Precision_inductance_meter.dir/C_/VSARM/sdk/pico/pico-sdk/src/rp2_common/pico_runtime/runtime.c.obj
                0x10001e74                exit
 *fill*         0x10001e7a        0x2 
 .text.__assert_func
                0x10001e7c       0x3c CMakeFiles/Precision_inductance_meter.dir/C_/VSARM/sdk/pico/pico-sdk/src/rp2_common/pico_runtime/runtime.c.obj
                0x10001e7c                __assert_func
 .text.runtime_init
                0x10001eb8       0xf8 CMakeFiles/Precision_inductance_meter.dir/C_/VSARM/sdk/pico/pico-sdk/src/rp2_common/pico_runtime/runtime.c.obj
                0x10001eb8                runtime_init
 .text.panic    0x10001fb0       0x30 CMakeFiles/Precision_inductance_meter.dir/C_/VSARM/sdk/pico/pico-sdk/src/rp2_common/pico_runtime/runtime.c.obj
                0x10001fb0                panic
 .text.clock_configure
                0x10001fe0      0x104 CMakeFiles/Precision_inductance_meter.dir/C_/VSARM/sdk/pico/pico-sdk/src/rp2_common/hardware_clocks/clocks.c.obj
                0x10001fe0                clock_configure
 .text.clocks_init
                0x100020e4      0x100 CMakeFiles/Precision_inductance_meter.dir/C_/VSARM/sdk/pico/pico-sdk/src/rp2_common/hardware_clocks/clocks.c.obj
                0x100020e4                clocks_init
 .text.set_raw_irq_handler_and_unlock
                0x100021e4       0x28 CMakeFiles/Precision_inductance_meter.dir/C_/VSARM/sdk/pico/pico-sdk/src/rp2_common/hardware_irq/irq.c.obj
 .text.make_branch
                0x1000220c       0x34 CMakeFiles/Precision_inductance_meter.dir/C_/VSARM/sdk/pico/pico-sdk/src/rp2_common/hardware_irq/irq.c.obj
 .text.insert_branch_and_link
                0x10002240       0x40 CMakeFiles/Precision_inductance_meter.dir/C_/VSARM/sdk/pico/pico-sdk/src/rp2_common/hardware_irq/irq.c.obj
 .text.irq_is_enabled
                0x10002280       0x18 CMakeFiles/Precision_inductance_meter.dir/C_/VSARM/sdk/pico/pico-sdk/src/rp2_common/hardware_irq/irq.c.obj
                0x10002280                irq_is_enabled
 .text.irq_set_mask_enabled
                0x10002298       0x20 CMakeFiles/Precision_inductance_meter.dir/C_/VSARM/sdk/pico/pico-sdk/src/rp2_common/hardware_irq/irq.c.obj
                0x10002298                irq_set_mask_enabled
 .text.irq_set_enabled
                0x100022b8        0xe CMakeFiles/Precision_inductance_meter.dir/C_/VSARM/sdk/pico/pico-sdk/src/rp2_common/hardware_irq/irq.c.obj
                0x100022b8                irq_set_enabled
 *fill*         0x100022c6        0x2 
 .text.irq_set_pending
                0x100022c8       0x10 CMakeFiles/Precision_inductance_meter.dir/C_/VSARM/sdk/pico/pico-sdk/src/rp2_common/hardware_irq/irq.c.obj
                0x100022c8                irq_set_pending
 .text.irq_get_vtable_handler
                0x100022d8       0x10 CMakeFiles/Precision_inductance_meter.dir/C_/VSARM/sdk/pico/pico-sdk/src/rp2_common/hardware_irq/irq.c.obj
                0x100022d8                irq_get_vtable_handler
 .text.irq_set_exclusive_handler
                0x100022e8       0x54 CMakeFiles/Precision_inductance_meter.dir/C_/VSARM/sdk/pico/pico-sdk/src/rp2_common/hardware_irq/irq.c.obj
                0x100022e8                irq_set_exclusive_handler
 .text.irq_remove_handler
                0x1000233c      0x1ac CMakeFiles/Precision_inductance_meter.dir/C_/VSARM/sdk/pico/pico-sdk/src/rp2_common/hardware_irq/irq.c.obj
                0x1000233c                irq_remove_handler
 .text.irq_add_tail_to_free_list
                0x100024e8       0xf0 CMakeFiles/Precision_inductance_meter.dir/C_/VSARM/sdk/pico/pico-sdk/src/rp2_common/hardware_irq/irq.c.obj
                0x100024e8                irq_add_tail_to_free_list
 .text.irq_init_priorities
                0x100025d8       0x1c CMakeFiles/Precision_inductance_meter.dir/C_/VSARM/sdk/pico/pico-sdk/src/rp2_common/hardware_irq/irq.c.obj
                0x100025d8                irq_init_priorities
 .text.pll_init
                0x100025f4      0x118 CMakeFiles/Precision_inductance_meter.dir/C_/VSARM/sdk/pico/pico-sdk/src/rp2_common/hardware_pll/pll.c.obj
                0x100025f4                pll_init
 .text.watchdog_start_tick
                0x1000270c       0x10 CMakeFiles/Precision_inductance_meter.dir/C_/VSARM/sdk/pico/pico-sdk/src/rp2_common/hardware_watchdog/watchdog.c.obj
                0x1000270c                watchdog_start_tick
 .text.watchdog_update
                0x1000271c       0x14 CMakeFiles/Precision_inductance_meter.dir/C_/VSARM/sdk/pico/pico-sdk/src/rp2_common/hardware_watchdog/watchdog.c.obj
                0x1000271c                watchdog_update
 .text._watchdog_enable
                0x10002730       0x78 CMakeFiles/Precision_inductance_meter.dir/C_/VSARM/sdk/pico/pico-sdk/src/rp2_common/hardware_watchdog/watchdog.c.obj
                0x10002730                _watchdog_enable
 .text.watchdog_reboot
                0x100027a8       0x48 CMakeFiles/Precision_inductance_meter.dir/C_/VSARM/sdk/pico/pico-sdk/src/rp2_common/hardware_watchdog/watchdog.c.obj
                0x100027a8                watchdog_reboot
 .text.xosc_init
                0x100027f0       0x28 CMakeFiles/Precision_inductance_meter.dir/C_/VSARM/sdk/pico/pico-sdk/src/rp2_common/hardware_xosc/xosc.c.obj
                0x100027f0                xosc_init
 .text._out_null
                0x10002818        0x2 CMakeFiles/Precision_inductance_meter.dir/C_/VSARM/sdk/pico/pico-sdk/src/rp2_common/pico_printf/printf.c.obj
 .text._out_fct
                0x1000281a        0xe CMakeFiles/Precision_inductance_meter.dir/C_/VSARM/sdk/pico/pico-sdk/src/rp2_common/pico_printf/printf.c.obj
 .text._atoi    0x10002828       0x24 CMakeFiles/Precision_inductance_meter.dir/C_/VSARM/sdk/pico/pico-sdk/src/rp2_common/pico_printf/printf.c.obj
 .text._out_rev
                0x1000284c       0xae CMakeFiles/Precision_inductance_meter.dir/C_/VSARM/sdk/pico/pico-sdk/src/rp2_common/pico_printf/printf.c.obj
 .text._ntoa_format
                0x100028fa      0x112 CMakeFiles/Precision_inductance_meter.dir/C_/VSARM/sdk/pico/pico-sdk/src/rp2_common/pico_printf/printf.c.obj
 .text._ntoa_long
                0x10002a0c       0xbc CMakeFiles/Precision_inductance_meter.dir/C_/VSARM/sdk/pico/pico-sdk/src/rp2_common/pico_printf/printf.c.obj
 .text._ntoa_long_long
                0x10002ac8       0xe2 CMakeFiles/Precision_inductance_meter.dir/C_/VSARM/sdk/pico/pico-sdk/src/rp2_common/pico_printf/printf.c.obj
 *fill*         0x10002baa        0x2 
 .text._etoa    0x10002bac      0x414 CMakeFiles/Precision_inductance_meter.dir/C_/VSARM/sdk/pico/pico-sdk/src/rp2_common/pico_printf/printf.c.obj
 .text._ftoa    0x10002fc0      0x354 CMakeFiles/Precision_inductance_meter.dir/C_/VSARM/sdk/pico/pico-sdk/src/rp2_common/pico_printf/printf.c.obj
 .text._vsnprintf
                0x10003314      0x624 CMakeFiles/Precision_inductance_meter.dir/C_/VSARM/sdk/pico/pico-sdk/src/rp2_common/pico_printf/printf.c.obj
 .text.vfctprintf
                0x10003938       0x20 CMakeFiles/Precision_inductance_meter.dir/C_/VSARM/sdk/pico/pico-sdk/src/rp2_common/pico_printf/printf.c.obj
                0x10003938                vfctprintf
 .text          0x10003958       0x10 CMakeFiles/Precision_inductance_meter.dir/C_/VSARM/sdk/pico/pico-sdk/src/rp2_common/pico_bit_ops/bit_ops_aeabi.S.obj
 .text.rom_func_lookup
                0x10003968       0x10 CMakeFiles/Precision_inductance_meter.dir/C_/VSARM/sdk/pico/pico-sdk/src/rp2_common/pico_bootrom/bootrom.c.obj
                0x10003968                rom_func_lookup
 .text.rom_data_lookup
                0x10003978       0x10 CMakeFiles/Precision_inductance_meter.dir/C_/VSARM/sdk/pico/pico-sdk/src/rp2_common/pico_bootrom/bootrom.c.obj
                0x10003978                rom_data_lookup
 .text.rom_funcs_lookup
                0x10003988       0x36 CMakeFiles/Precision_inductance_meter.dir/C_/VSARM/sdk/pico/pico-sdk/src/rp2_common/pico_bootrom/bootrom.c.obj
                0x10003988                rom_funcs_lookup
 *fill*         0x100039be        0x2 
 .text.__wrap___aeabi_idiv
                0x100039c0       0x50 CMakeFiles/Precision_inductance_meter.dir/C_/VSARM/sdk/pico/pico-sdk/src/rp2_common/pico_divider/divider.S.obj
                0x100039c0                __wrap___aeabi_idivmod
                0x100039c0                divmod_s32s32
                0x100039c0                div_s32s32
                0x100039c0                __wrap___aeabi_idiv
                0x100039c8                divmod_s32s32_unsafe
                0x100039f4                divmod_s32s32_savestate
 .text.__wrap___aeabi_uidiv
                0x10003a10       0x4c CMakeFiles/Precision_inductance_meter.dir/C_/VSARM/sdk/pico/pico-sdk/src/rp2_common/pico_divider/divider.S.obj
                0x10003a10                __wrap___aeabi_uidiv
                0x10003a10                __wrap___aeabi_uidivmod
                0x10003a10                div_u32u32
                0x10003a10                divmod_u32u32
                0x10003a18                divmod_u32u32_unsafe
                0x10003a40                divmod_u32u32_savestate
 .text.__wrap___aeabi_ldiv
                0x10003a5c      0x434 CMakeFiles/Precision_inductance_meter.dir/C_/VSARM/sdk/pico/pico-sdk/src/rp2_common/pico_divider/divider.S.obj
                0x10003a5c                div_s64s64
                0x10003a5c                divmod_s64s64
                0x10003a5c                __wrap___aeabi_ldivmod
                0x10003a94                divmod_u64u64
                0x10003a94                div_u64u64
                0x10003a94                __wrap___aeabi_uldivmod
                0x10003aa4                divmod_u64u64_savestate
                0x10003acc                divmod_s64s64_unsafe
                0x10003b54                divmod_u64u64_unsafe
 .text.__wrap___aeabi_darithmetic
                0x10003e90       0x80 CMakeFiles/Precision_inductance_meter.dir/C_/VSARM/sdk/pico/pico-sdk/src/rp2_common/pico_double/double_aeabi.S.obj
                0x10003e90                __wrap___aeabi_drsub
                0x10003e96                __wrap___aeabi_dsub
                0x10003ea8                __wrap___aeabi_dadd
                0x10003eba                __wrap___aeabi_ddiv
                0x10003ef6                __wrap___aeabi_dmul
 .text.__wrap___aeabi_cdcmple
                0x10003f10       0x6c CMakeFiles/Precision_inductance_meter.dir/C_/VSARM/sdk/pico/pico-sdk/src/rp2_common/pico_double/double_aeabi.S.obj
                0x10003f10                __wrap___aeabi_cdrcmple
                0x10003f20                __wrap___aeabi_cdcmpeq
                0x10003f20                __wrap___aeabi_cdcmple
 .text.__wrap___aeabi_dcmplt
                0x10003f7c        0xc CMakeFiles/Precision_inductance_meter.dir/C_/VSARM/sdk/pico/pico-sdk/src/rp2_common/pico_double/double_aeabi.S.obj
                0x10003f7c                __wrap___aeabi_dcmplt
 .text.__wrap___aeabi_dcmple
                0x10003f88       0x10 CMakeFiles/Precision_inductance_meter.dir/C_/VSARM/sdk/pico/pico-sdk/src/rp2_common/pico_double/double_aeabi.S.obj
                0x10003f88                __wrap___aeabi_dcmple
 .text.__wrap___aeabi_dcmpge
                0x10003f98       0x10 CMakeFiles/Precision_inductance_meter.dir/C_/VSARM/sdk/pico/pico-sdk/src/rp2_common/pico_double/double_aeabi.S.obj
                0x10003f98                __wrap___aeabi_dcmpge
 .text.__wrap___aeabi_dcmpgt
                0x10003fa8        0xa CMakeFiles/Precision_inductance_meter.dir/C_/VSARM/sdk/pico/pico-sdk/src/rp2_common/pico_double/double_aeabi.S.obj
                0x10003fa8                __wrap___aeabi_dcmpgt
 .text.__wrap___aeabi_dcmpun
                0x10003fb2       0x1c CMakeFiles/Precision_inductance_meter.dir/C_/VSARM/sdk/pico/pico-sdk/src/rp2_common/pico_double/double_aeabi.S.obj
                0x10003fb2                __wrap___aeabi_dcmpun
 *fill*         0x10003fce        0x2 
 .text.__wrap___aeabi_i2d
                0x10003fd0       0x38 CMakeFiles/Precision_inductance_meter.dir/C_/VSARM/sdk/pico/pico-sdk/src/rp2_common/pico_double/double_aeabi.S.obj
                0x10003fd0                __wrap___aeabi_ui2d
                0x10003fd8                __wrap___aeabi_i2d
 .text.__wrap___aeabi_d2iz
                0x10004008       0x48 CMakeFiles/Precision_inductance_meter.dir/C_/VSARM/sdk/pico/pico-sdk/src/rp2_common/pico_double/double_aeabi.S.obj
                0x10004008                double2int_z
                0x10004008                __wrap___aeabi_d2iz
 .text.__wrap___aeabi_d2uiz
                0x10004050       0x18 CMakeFiles/Precision_inductance_meter.dir/C_/VSARM/sdk/pico/pico-sdk/src/rp2_common/pico_double/double_aeabi.S.obj
                0x10004050                __wrap___aeabi_d2uiz
                0x10004050                double2uint
 .text.__wrap___aeabi_d2f
                0x10004068       0x18 CMakeFiles/Precision_inductance_meter.dir/C_/VSARM/sdk/pico/pico-sdk/src/rp2_common/pico_double/double_aeabi.S.obj
                0x10004068                __wrap___aeabi_d2f
 .text.__aeabi_double_init
                0x10004080       0xc8 CMakeFiles/Precision_inductance_meter.dir/C_/VSARM/sdk/pico/pico-sdk/src/rp2_common/pico_double/double_init_rom.c.obj
                0x10004080                __aeabi_double_init
 .text.__wrap_round
                0x10004148       0x9c CMakeFiles/Precision_inductance_meter.dir/C_/VSARM/sdk/pico/pico-sdk/src/rp2_common/pico_double/double_math.c.obj
                0x10004148                __wrap_round
 .text.double_table_shim_on_use_helper
                0x100041e4       0x34 CMakeFiles/Precision_inductance_meter.dir/C_/VSARM/sdk/pico/pico-sdk/src/rp2_common/pico_double/double_v1_rom_shim.S.obj
                0x100041e4                double_table_shim_on_use_helper
 .text.__wrap___aeabi_dsub
                0x10004218       0x10 CMakeFiles/Precision_inductance_meter.dir/C_/VSARM/sdk/pico/pico-sdk/src/rp2_common/pico_double/double_v1_rom_shim.S.obj
                0x10004218                drsub_shim
                0x1000421e                dsub_shim
 .text.dadd_shim
                0x10004228      0x15c CMakeFiles/Precision_inductance_meter.dir/C_/VSARM/sdk/pico/pico-sdk/src/rp2_common/pico_double/double_v1_rom_shim.S.obj
                0x10004228                dadd_shim
 .text.dmul_shim
                0x10004384      0x15c CMakeFiles/Precision_inductance_meter.dir/C_/VSARM/sdk/pico/pico-sdk/src/rp2_common/pico_double/double_v1_rom_shim.S.obj
                0x10004384                dmul_shim
 .text.ddiv_shim
                0x100044e0      0x1b0 CMakeFiles/Precision_inductance_meter.dir/C_/VSARM/sdk/pico/pico-sdk/src/rp2_common/pico_double/double_v1_rom_shim.S.obj
                0x100044e0                ddiv_shim
 .text.double2uint_shim
                0x10004690        0xe CMakeFiles/Precision_inductance_meter.dir/C_/VSARM/sdk/pico/pico-sdk/src/rp2_common/pico_double/double_v1_rom_shim.S.obj
                0x10004690                double2uint_shim
                0x10004692                double2ufix_shim
 *fill*         0x1000469e        0x2 
 .text.double2uint64_shim
                0x100046a0       0x70 CMakeFiles/Precision_inductance_meter.dir/C_/VSARM/sdk/pico/pico-sdk/src/rp2_common/pico_double/double_v1_rom_shim.S.obj
                0x100046a0                double2uint64_shim
                0x100046a2                double2ufix64_shim
                0x100046c2                d2fix_a
 .text.double2float_shim
                0x10004710       0x5c CMakeFiles/Precision_inductance_meter.dir/C_/VSARM/sdk/pico/pico-sdk/src/rp2_common/pico_double/double_v1_rom_shim.S.obj
                0x10004710                double2float_shim
 .text.dunpacks
                0x1000476c       0x3c CMakeFiles/Precision_inductance_meter.dir/C_/VSARM/sdk/pico/pico-sdk/src/rp2_common/pico_double/double_v1_rom_shim.S.obj
                0x1000476c                dunpacks
 .text.__aeabi_lmul
                0x100047a8       0x32 CMakeFiles/Precision_inductance_meter.dir/C_/VSARM/sdk/pico/pico-sdk/src/rp2_common/pico_int64_ops/pico_int64_ops_aeabi.S.obj
                0x100047a8                __wrap___aeabi_lmul
 *fill*         0x100047da        0x2 
 .text.__wrap___aeabi_farithmetic
                0x100047dc       0x58 CMakeFiles/Precision_inductance_meter.dir/C_/VSARM/sdk/pico/pico-sdk/src/rp2_common/pico_float/float_aeabi.S.obj
                0x100047dc                __wrap___aeabi_frsub
                0x100047e2                __wrap___aeabi_fsub
                0x100047ec                __wrap___aeabi_fadd
                0x100047f6                __wrap___aeabi_fdiv
                0x10004822                __wrap___aeabi_fmul
 .text.__wrap___aeabi_cfcmple
                0x10004834       0x50 CMakeFiles/Precision_inductance_meter.dir/C_/VSARM/sdk/pico/pico-sdk/src/rp2_common/pico_float/float_aeabi.S.obj
                0x10004834                __wrap___aeabi_cfrcmple
                0x10004840                __wrap___aeabi_cfcmple
                0x10004840                __wrap___aeabi_cfcmpeq
 .text.__wrap___aeabi_fcmplt
                0x10004884        0xc CMakeFiles/Precision_inductance_meter.dir/C_/VSARM/sdk/pico/pico-sdk/src/rp2_common/pico_float/float_aeabi.S.obj
                0x10004884                __wrap___aeabi_fcmplt
 .text.__wrap___aeabi_fcmpgt
                0x10004890        0xa CMakeFiles/Precision_inductance_meter.dir/C_/VSARM/sdk/pico/pico-sdk/src/rp2_common/pico_float/float_aeabi.S.obj
                0x10004890                __wrap___aeabi_fcmpgt
 .text.__wrap___aeabi_ui2f
                0x1000489a        0xa CMakeFiles/Precision_inductance_meter.dir/C_/VSARM/sdk/pico/pico-sdk/src/rp2_common/pico_float/float_aeabi.S.obj
                0x1000489a                __wrap___aeabi_ui2f
 .text.__wrap___aeabi_i2f
                0x100048a4       0x44 CMakeFiles/Precision_inductance_meter.dir/C_/VSARM/sdk/pico/pico-sdk/src/rp2_common/pico_float/float_aeabi.S.obj
                0x100048a4                __wrap___aeabi_i2f
 .text.__wrap___aeabi_f2uiz
                0x100048e8       0x10 CMakeFiles/Precision_inductance_meter.dir/C_/VSARM/sdk/pico/pico-sdk/src/rp2_common/pico_float/float_aeabi.S.obj
                0x100048e8                __wrap___aeabi_f2uiz
 .text.__wrap___aeabi_f2d
                0x100048f8       0x14 CMakeFiles/Precision_inductance_meter.dir/C_/VSARM/sdk/pico/pico-sdk/src/rp2_common/pico_float/float_aeabi.S.obj
                0x100048f8                __wrap___aeabi_f2d
 .text.__wrap_srqtf
                0x1000490c       0x24 CMakeFiles/Precision_inductance_meter.dir/C_/VSARM/sdk/pico/pico-sdk/src/rp2_common/pico_float/float_aeabi.S.obj
                0x1000490c                __wrap_sqrtf
 .text.__aeabi_float_init
                0x10004930       0xfc CMakeFiles/Precision_inductance_meter.dir/C_/VSARM/sdk/pico/pico-sdk/src/rp2_common/pico_float/float_init_rom.c.obj
                0x10004930                __aeabi_float_init
 .text.__wrap_roundf
                0x10004a2c       0x3e CMakeFiles/Precision_inductance_meter.dir/C_/VSARM/sdk/pico/pico-sdk/src/rp2_common/pico_float/float_math.c.obj
                0x10004a2c                __wrap_roundf
 *fill*         0x10004a6a        0x2 
 .text.float_table_shim_on_use_helper
                0x10004a6c       0x34 CMakeFiles/Precision_inductance_meter.dir/C_/VSARM/sdk/pico/pico-sdk/src/rp2_common/pico_float/float_v1_rom_shim.S.obj
                0x10004a6c                float_table_shim_on_use_helper
 .text.float2double_shim
                0x10004aa0       0x30 CMakeFiles/Precision_inductance_meter.dir/C_/VSARM/sdk/pico/pico-sdk/src/rp2_common/pico_float/float_v1_rom_shim.S.obj
                0x10004aa0                float2double_shim
 .text          0x10004ad0       0x10 CMakeFiles/Precision_inductance_meter.dir/C_/VSARM/sdk/pico/pico-sdk/src/rp2_common/pico_mem_ops/mem_ops_aeabi.S.obj
                0x10004ad0                __aeabi_mem_init
 .text.memset   0x10004ae0        0xc CMakeFiles/Precision_inductance_meter.dir/C_/VSARM/sdk/pico/pico-sdk/src/rp2_common/pico_mem_ops/mem_ops_aeabi.S.obj
                0x10004ae0                __wrap_memset
 .text.memcpy   0x10004aec        0xc CMakeFiles/Precision_inductance_meter.dir/C_/VSARM/sdk/pico/pico-sdk/src/rp2_common/pico_mem_ops/mem_ops_aeabi.S.obj
                0x10004aec                __wrap_memcpy
                0x10004aec                __wrap___aeabi_memcpy
 .text.stdio_out_chars_no_crlf
                0x10004af8        0xe CMakeFiles/Precision_inductance_meter.dir/C_/VSARM/sdk/pico/pico-sdk/src/rp2_common/pico_stdio/stdio.c.obj
 *fill*         0x10004b06        0x2 
 .text.stdio_out_chars_crlf
                0x10004b08       0x80 CMakeFiles/Precision_inductance_meter.dir/C_/VSARM/sdk/pico/pico-sdk/src/rp2_common/pico_stdio/stdio.c.obj
 .text.stdio_stack_buffer_flush
                0x10004b88       0x44 CMakeFiles/Precision_inductance_meter.dir/C_/VSARM/sdk/pico/pico-sdk/src/rp2_common/pico_stdio/stdio.c.obj
 .text.stdio_buffered_printer
                0x10004bcc       0x20 CMakeFiles/Precision_inductance_meter.dir/C_/VSARM/sdk/pico/pico-sdk/src/rp2_common/pico_stdio/stdio.c.obj
 .text.stdout_serialize_begin
                0x10004bec       0x30 CMakeFiles/Precision_inductance_meter.dir/C_/VSARM/sdk/pico/pico-sdk/src/rp2_common/pico_stdio/stdio.c.obj
                0x10004bec                stdout_serialize_begin
 .text.stdout_serialize_end
                0x10004c1c       0x10 CMakeFiles/Precision_inductance_meter.dir/C_/VSARM/sdk/pico/pico-sdk/src/rp2_common/pico_stdio/stdio.c.obj
                0x10004c1c                stdout_serialize_end
 .text.stdio_put_string
                0x10004c2c       0x98 CMakeFiles/Precision_inductance_meter.dir/C_/VSARM/sdk/pico/pico-sdk/src/rp2_common/pico_stdio/stdio.c.obj
 .text.stdio_set_driver_enabled
                0x10004cc4       0x38 CMakeFiles/Precision_inductance_meter.dir/C_/VSARM/sdk/pico/pico-sdk/src/rp2_common/pico_stdio/stdio.c.obj
                0x10004cc4                stdio_set_driver_enabled
 .text.stdio_flush
                0x10004cfc       0x20 CMakeFiles/Precision_inductance_meter.dir/C_/VSARM/sdk/pico/pico-sdk/src/rp2_common/pico_stdio/stdio.c.obj
                0x10004cfc                stdio_flush
 .text.__wrap_puts
                0x10004d1c       0x1e CMakeFiles/Precision_inductance_meter.dir/C_/VSARM/sdk/pico/pico-sdk/src/rp2_common/pico_stdio/stdio.c.obj
                0x10004d1c                __wrap_puts
 *fill*         0x10004d3a        0x2 
 .text.__wrap_vprintf
                0x10004d3c       0x44 CMakeFiles/Precision_inductance_meter.dir/C_/VSARM/sdk/pico/pico-sdk/src/rp2_common/pico_stdio/stdio.c.obj
                0x10004d3c                __wrap_vprintf
 .text.__wrap_printf
                0x10004d80       0x18 CMakeFiles/Precision_inductance_meter.dir/C_/VSARM/sdk/pico/pico-sdk/src/rp2_common/pico_stdio/stdio.c.obj
                0x10004d80                __wrap_printf
 .text.stdio_init_all
                0x10004d98        0x8 CMakeFiles/Precision_inductance_meter.dir/C_/VSARM/sdk/pico/pico-sdk/src/rp2_common/pico_stdio/stdio.c.obj
                0x10004d98                stdio_init_all
 .text.resetd_init
                0x10004da0        0x2 CMakeFiles/Precision_inductance_meter.dir/C_/VSARM/sdk/pico/pico-sdk/src/rp2_common/pico_stdio_usb/reset_interface.c.obj
 *fill*         0x10004da2        0x2 
 .text.resetd_reset
                0x10004da4        0xc CMakeFiles/Precision_inductance_meter.dir/C_/VSARM/sdk/pico/pico-sdk/src/rp2_common/pico_stdio_usb/reset_interface.c.obj
 .text.resetd_open
                0x10004db0       0x34 CMakeFiles/Precision_inductance_meter.dir/C_/VSARM/sdk/pico/pico-sdk/src/rp2_common/pico_stdio_usb/reset_interface.c.obj
 .text.resetd_xfer_cb
                0x10004de4        0x4 CMakeFiles/Precision_inductance_meter.dir/C_/VSARM/sdk/pico/pico-sdk/src/rp2_common/pico_stdio_usb/reset_interface.c.obj
 .text.reset_usb_boot
                0x10004de8       0x18 CMakeFiles/Precision_inductance_meter.dir/C_/VSARM/sdk/pico/pico-sdk/src/rp2_common/pico_stdio_usb/reset_interface.c.obj
 .text.resetd_control_xfer_cb
                0x10004e00       0x5c CMakeFiles/Precision_inductance_meter.dir/C_/VSARM/sdk/pico/pico-sdk/src/rp2_common/pico_stdio_usb/reset_interface.c.obj
 .text.usbd_app_driver_get_cb
                0x10004e5c        0xc CMakeFiles/Precision_inductance_meter.dir/C_/VSARM/sdk/pico/pico-sdk/src/rp2_common/pico_stdio_usb/reset_interface.c.obj
                0x10004e5c                usbd_app_driver_get_cb
 .text.tud_cdc_line_coding_cb
                0x10004e68       0x28 CMakeFiles/Precision_inductance_meter.dir/C_/VSARM/sdk/pico/pico-sdk/src/rp2_common/pico_stdio_usb/reset_interface.c.obj
                0x10004e68                tud_cdc_line_coding_cb
 .text.stdio_usb_in_chars
                0x10004e90       0x70 CMakeFiles/Precision_inductance_meter.dir/C_/VSARM/sdk/pico/pico-sdk/src/rp2_common/pico_stdio_usb/stdio_usb.c.obj
                0x10004e90                stdio_usb_in_chars
 .text.low_priority_worker_irq
                0x10004f00       0x20 CMakeFiles/Precision_inductance_meter.dir/C_/VSARM/sdk/pico/pico-sdk/src/rp2_common/pico_stdio_usb/stdio_usb.c.obj
 .text.stdio_usb_out_chars
                0x10004f20       0xd4 CMakeFiles/Precision_inductance_meter.dir/C_/VSARM/sdk/pico/pico-sdk/src/rp2_common/pico_stdio_usb/stdio_usb.c.obj
 .text.timer_task
                0x10004ff4       0x10 CMakeFiles/Precision_inductance_meter.dir/C_/VSARM/sdk/pico/pico-sdk/src/rp2_common/pico_stdio_usb/stdio_usb.c.obj
 .text.stdio_usb_init
                0x10005004       0xb8 CMakeFiles/Precision_inductance_meter.dir/C_/VSARM/sdk/pico/pico-sdk/src/rp2_common/pico_stdio_usb/stdio_usb.c.obj
                0x10005004                stdio_usb_init
 .text.tud_descriptor_device_cb
                0x100050bc        0x8 CMakeFiles/Precision_inductance_meter.dir/C_/VSARM/sdk/pico/pico-sdk/src/rp2_common/pico_stdio_usb/stdio_usb_descriptors.c.obj
                0x100050bc                tud_descriptor_device_cb
 .text.tud_descriptor_configuration_cb
                0x100050c4        0x8 CMakeFiles/Precision_inductance_meter.dir/C_/VSARM/sdk/pico/pico-sdk/src/rp2_common/pico_stdio_usb/stdio_usb_descriptors.c.obj
                0x100050c4                tud_descriptor_configuration_cb
 .text.tud_descriptor_string_cb
                0x100050cc       0x6c CMakeFiles/Precision_inductance_meter.dir/C_/VSARM/sdk/pico/pico-sdk/src/rp2_common/pico_stdio_usb/stdio_usb_descriptors.c.obj
                0x100050cc                tud_descriptor_string_cb
 .text.hw_endpoint_get_by_addr
                0x10005138       0x18 CMakeFiles/Precision_inductance_meter.dir/C_/VSARM/sdk/pico/pico-sdk/lib/tinyusb/src/portable/raspberrypi/rp2040/dcd_rp2040.c.obj
 .text.reset_ep0_pid
                0x10005150       0x28 CMakeFiles/Precision_inductance_meter.dir/C_/VSARM/sdk/pico/pico-sdk/lib/tinyusb/src/portable/raspberrypi/rp2040/dcd_rp2040.c.obj
 .text._hw_endpoint_alloc
                0x10005178       0x70 CMakeFiles/Precision_inductance_meter.dir/C_/VSARM/sdk/pico/pico-sdk/lib/tinyusb/src/portable/raspberrypi/rp2040/dcd_rp2040.c.obj
 .text.hw_endpoint_init
                0x100051e8       0x88 CMakeFiles/Precision_inductance_meter.dir/C_/VSARM/sdk/pico/pico-sdk/lib/tinyusb/src/portable/raspberrypi/rp2040/dcd_rp2040.c.obj
 .text.reset_non_control_endpoints
                0x10005270       0x40 CMakeFiles/Precision_inductance_meter.dir/C_/VSARM/sdk/pico/pico-sdk/lib/tinyusb/src/portable/raspberrypi/rp2040/dcd_rp2040.c.obj
 .text.hw_handle_buff_status
                0x100052b0       0x8c CMakeFiles/Precision_inductance_meter.dir/C_/VSARM/sdk/pico/pico-sdk/lib/tinyusb/src/portable/raspberrypi/rp2040/dcd_rp2040.c.obj
 .text.dcd_rp2040_irq
                0x1000533c       0xc0 CMakeFiles/Precision_inductance_meter.dir/C_/VSARM/sdk/pico/pico-sdk/lib/tinyusb/src/portable/raspberrypi/rp2040/dcd_rp2040.c.obj
 .text.hw_endpoint_xfer
                0x100053fc       0x14 CMakeFiles/Precision_inductance_meter.dir/C_/VSARM/sdk/pico/pico-sdk/lib/tinyusb/src/portable/raspberrypi/rp2040/dcd_rp2040.c.obj
 .text.dcd_int_enable
                0x10005410       0x2c CMakeFiles/Precision_inductance_meter.dir/C_/VSARM/sdk/pico/pico-sdk/lib/tinyusb/src/portable/raspberrypi/rp2040/dcd_rp2040.c.obj
                0x10005410                dcd_int_enable
 .text.dcd_set_address
                0x1000543c       0x2c CMakeFiles/Precision_inductance_meter.dir/C_/VSARM/sdk/pico/pico-sdk/lib/tinyusb/src/portable/raspberrypi/rp2040/dcd_rp2040.c.obj
                0x1000543c                dcd_set_address
 .text.dcd_connect
                0x10005468       0x10 CMakeFiles/Precision_inductance_meter.dir/C_/VSARM/sdk/pico/pico-sdk/lib/tinyusb/src/portable/raspberrypi/rp2040/dcd_rp2040.c.obj
                0x10005468                dcd_connect
 .text.dcd_init
                0x10005478       0x7c CMakeFiles/Precision_inductance_meter.dir/C_/VSARM/sdk/pico/pico-sdk/lib/tinyusb/src/portable/raspberrypi/rp2040/dcd_rp2040.c.obj
                0x10005478                dcd_init
 .text.dcd_edpt0_status_complete
                0x100054f4       0x1c CMakeFiles/Precision_inductance_meter.dir/C_/VSARM/sdk/pico/pico-sdk/lib/tinyusb/src/portable/raspberrypi/rp2040/dcd_rp2040.c.obj
                0x100054f4                dcd_edpt0_status_complete
 .text.dcd_edpt_open
                0x10005510       0x40 CMakeFiles/Precision_inductance_meter.dir/C_/VSARM/sdk/pico/pico-sdk/lib/tinyusb/src/portable/raspberrypi/rp2040/dcd_rp2040.c.obj
                0x10005510                dcd_edpt_open
 .text.dcd_edpt_close_all
                0x10005550        0x8 CMakeFiles/Precision_inductance_meter.dir/C_/VSARM/sdk/pico/pico-sdk/lib/tinyusb/src/portable/raspberrypi/rp2040/dcd_rp2040.c.obj
                0x10005550                dcd_edpt_close_all
 .text.dcd_edpt_xfer
                0x10005558       0x30 CMakeFiles/Precision_inductance_meter.dir/C_/VSARM/sdk/pico/pico-sdk/lib/tinyusb/src/portable/raspberrypi/rp2040/dcd_rp2040.c.obj
                0x10005558                dcd_edpt_xfer
 .text.dcd_edpt_stall
                0x10005588       0x2c CMakeFiles/Precision_inductance_meter.dir/C_/VSARM/sdk/pico/pico-sdk/lib/tinyusb/src/portable/raspberrypi/rp2040/dcd_rp2040.c.obj
                0x10005588                dcd_edpt_stall
 .text.dcd_edpt_clear_stall
                0x100055b4       0x20 CMakeFiles/Precision_inductance_meter.dir/C_/VSARM/sdk/pico/pico-sdk/lib/tinyusb/src/portable/raspberrypi/rp2040/dcd_rp2040.c.obj
                0x100055b4                dcd_edpt_clear_stall
 .text.prepare_ep_buffer
                0x100055d4       0x70 CMakeFiles/Precision_inductance_meter.dir/C_/VSARM/sdk/pico/pico-sdk/lib/tinyusb/src/portable/raspberrypi/rp2040/rp2040_usb.c.obj
 .text.sync_ep_buffer
                0x10005644       0x7c CMakeFiles/Precision_inductance_meter.dir/C_/VSARM/sdk/pico/pico-sdk/lib/tinyusb/src/portable/raspberrypi/rp2040/rp2040_usb.c.obj
 .text._hw_endpoint_xfer_sync
                0x100056c0       0x28 CMakeFiles/Precision_inductance_meter.dir/C_/VSARM/sdk/pico/pico-sdk/lib/tinyusb/src/portable/raspberrypi/rp2040/rp2040_usb.c.obj
 .text.rp2040_usb_init
                0x100056e8       0x4c CMakeFiles/Precision_inductance_meter.dir/C_/VSARM/sdk/pico/pico-sdk/lib/tinyusb/src/portable/raspberrypi/rp2040/rp2040_usb.c.obj
                0x100056e8                rp2040_usb_init
 .text.hw_endpoint_reset_transfer
                0x10005734        0xc CMakeFiles/Precision_inductance_meter.dir/C_/VSARM/sdk/pico/pico-sdk/lib/tinyusb/src/portable/raspberrypi/rp2040/rp2040_usb.c.obj
                0x10005734                hw_endpoint_reset_transfer
 .text._hw_endpoint_buffer_control_update32
                0x10005740       0x58 CMakeFiles/Precision_inductance_meter.dir/C_/VSARM/sdk/pico/pico-sdk/lib/tinyusb/src/portable/raspberrypi/rp2040/rp2040_usb.c.obj
                0x10005740                _hw_endpoint_buffer_control_update32
 .text._hw_endpoint_start_next_buffer
                0x10005798       0x74 CMakeFiles/Precision_inductance_meter.dir/C_/VSARM/sdk/pico/pico-sdk/lib/tinyusb/src/portable/raspberrypi/rp2040/rp2040_usb.c.obj
 .text.hw_endpoint_xfer_start
                0x1000580c       0x48 CMakeFiles/Precision_inductance_meter.dir/C_/VSARM/sdk/pico/pico-sdk/lib/tinyusb/src/portable/raspberrypi/rp2040/rp2040_usb.c.obj
                0x1000580c                hw_endpoint_xfer_start
 .text.hw_endpoint_xfer_continue
                0x10005854       0x38 CMakeFiles/Precision_inductance_meter.dir/C_/VSARM/sdk/pico/pico-sdk/lib/tinyusb/src/portable/raspberrypi/rp2040/rp2040_usb.c.obj
                0x10005854                hw_endpoint_xfer_continue
 .text.configuration_reset
                0x1000588c       0x84 CMakeFiles/Precision_inductance_meter.dir/C_/VSARM/sdk/pico/pico-sdk/lib/tinyusb/src/device/usbd.c.obj
 .text.usbd_reset
                0x10005910        0xc CMakeFiles/Precision_inductance_meter.dir/C_/VSARM/sdk/pico/pico-sdk/lib/tinyusb/src/device/usbd.c.obj
 .text.invoke_class_control
                0x1000591c       0x1a CMakeFiles/Precision_inductance_meter.dir/C_/VSARM/sdk/pico/pico-sdk/lib/tinyusb/src/device/usbd.c.obj
 *fill*         0x10005936        0x2 
 .text.process_set_config
                0x10005938      0x1b0 CMakeFiles/Precision_inductance_meter.dir/C_/VSARM/sdk/pico/pico-sdk/lib/tinyusb/src/device/usbd.c.obj
 .text.process_get_descriptor
                0x10005ae8       0xec CMakeFiles/Precision_inductance_meter.dir/C_/VSARM/sdk/pico/pico-sdk/lib/tinyusb/src/device/usbd.c.obj
 .text.tud_mounted
                0x10005bd4       0x10 CMakeFiles/Precision_inductance_meter.dir/C_/VSARM/sdk/pico/pico-sdk/lib/tinyusb/src/device/usbd.c.obj
                0x10005bd4                tud_mounted
 .text.tud_suspended
                0x10005be4       0x10 CMakeFiles/Precision_inductance_meter.dir/C_/VSARM/sdk/pico/pico-sdk/lib/tinyusb/src/device/usbd.c.obj
                0x10005be4                tud_suspended
 .text.tud_inited
                0x10005bf4        0xc CMakeFiles/Precision_inductance_meter.dir/C_/VSARM/sdk/pico/pico-sdk/lib/tinyusb/src/device/usbd.c.obj
                0x10005bf4                tud_inited
 .text.tud_init
                0x10005c00       0xcc CMakeFiles/Precision_inductance_meter.dir/C_/VSARM/sdk/pico/pico-sdk/lib/tinyusb/src/device/usbd.c.obj
                0x10005c00                tud_init
 .text.dcd_event_handler
                0x10005ccc      0x1e0 CMakeFiles/Precision_inductance_meter.dir/C_/VSARM/sdk/pico/pico-sdk/lib/tinyusb/src/device/usbd.c.obj
                0x10005ccc                dcd_event_handler
 .text.dcd_event_bus_signal
                0x10005eac       0x26 CMakeFiles/Precision_inductance_meter.dir/C_/VSARM/sdk/pico/pico-sdk/lib/tinyusb/src/device/usbd.c.obj
                0x10005eac                dcd_event_bus_signal
 .text.dcd_event_bus_reset
                0x10005ed2       0x2a CMakeFiles/Precision_inductance_meter.dir/C_/VSARM/sdk/pico/pico-sdk/lib/tinyusb/src/device/usbd.c.obj
                0x10005ed2                dcd_event_bus_reset
 .text.dcd_event_setup_received
                0x10005efc       0x34 CMakeFiles/Precision_inductance_meter.dir/C_/VSARM/sdk/pico/pico-sdk/lib/tinyusb/src/device/usbd.c.obj
                0x10005efc                dcd_event_setup_received
 .text.dcd_event_xfer_complete
                0x10005f30       0x44 CMakeFiles/Precision_inductance_meter.dir/C_/VSARM/sdk/pico/pico-sdk/lib/tinyusb/src/device/usbd.c.obj
                0x10005f30                dcd_event_xfer_complete
 .text.usbd_edpt_open
                0x10005f74       0x58 CMakeFiles/Precision_inductance_meter.dir/C_/VSARM/sdk/pico/pico-sdk/lib/tinyusb/src/device/usbd.c.obj
                0x10005f74                usbd_edpt_open
 .text.usbd_open_edpt_pair
                0x10005fcc       0x8c CMakeFiles/Precision_inductance_meter.dir/C_/VSARM/sdk/pico/pico-sdk/lib/tinyusb/src/device/usbd.c.obj
                0x10005fcc                usbd_open_edpt_pair
 .text.usbd_edpt_claim
                0x10006058       0x8c CMakeFiles/Precision_inductance_meter.dir/C_/VSARM/sdk/pico/pico-sdk/lib/tinyusb/src/device/usbd.c.obj
                0x10006058                usbd_edpt_claim
 .text.usbd_edpt_release
                0x100060e4       0x68 CMakeFiles/Precision_inductance_meter.dir/C_/VSARM/sdk/pico/pico-sdk/lib/tinyusb/src/device/usbd.c.obj
                0x100060e4                usbd_edpt_release
 .text.usbd_edpt_xfer
                0x1000614c       0x80 CMakeFiles/Precision_inductance_meter.dir/C_/VSARM/sdk/pico/pico-sdk/lib/tinyusb/src/device/usbd.c.obj
                0x1000614c                usbd_edpt_xfer
 .text.usbd_edpt_stall
                0x100061cc       0x40 CMakeFiles/Precision_inductance_meter.dir/C_/VSARM/sdk/pico/pico-sdk/lib/tinyusb/src/device/usbd.c.obj
                0x100061cc                usbd_edpt_stall
 .text.usbd_edpt_clear_stall
                0x1000620c       0x40 CMakeFiles/Precision_inductance_meter.dir/C_/VSARM/sdk/pico/pico-sdk/lib/tinyusb/src/device/usbd.c.obj
                0x1000620c                usbd_edpt_clear_stall
 .text.usbd_edpt_stalled
                0x1000624c       0x1c CMakeFiles/Precision_inductance_meter.dir/C_/VSARM/sdk/pico/pico-sdk/lib/tinyusb/src/device/usbd.c.obj
                0x1000624c                usbd_edpt_stalled
 .text.process_control_request
                0x10006268      0x3b8 CMakeFiles/Precision_inductance_meter.dir/C_/VSARM/sdk/pico/pico-sdk/lib/tinyusb/src/device/usbd.c.obj
 .text.tud_task
                0x10006620      0x218 CMakeFiles/Precision_inductance_meter.dir/C_/VSARM/sdk/pico/pico-sdk/lib/tinyusb/src/device/usbd.c.obj
                0x10006620                tud_task
 .text._data_stage_xact
                0x10006838       0x58 CMakeFiles/Precision_inductance_meter.dir/C_/VSARM/sdk/pico/pico-sdk/lib/tinyusb/src/device/usbd_control.c.obj
 .text.tud_control_status
                0x10006890       0x38 CMakeFiles/Precision_inductance_meter.dir/C_/VSARM/sdk/pico/pico-sdk/lib/tinyusb/src/device/usbd_control.c.obj
                0x10006890                tud_control_status
 .text.tud_control_xfer
                0x100068c8       0xa8 CMakeFiles/Precision_inductance_meter.dir/C_/VSARM/sdk/pico/pico-sdk/lib/tinyusb/src/device/usbd_control.c.obj
                0x100068c8                tud_control_xfer
 .text.usbd_control_reset
                0x10006970       0x14 CMakeFiles/Precision_inductance_meter.dir/C_/VSARM/sdk/pico/pico-sdk/lib/tinyusb/src/device/usbd_control.c.obj
                0x10006970                usbd_control_reset
 .text.usbd_control_set_complete_callback
                0x10006984        0xc CMakeFiles/Precision_inductance_meter.dir/C_/VSARM/sdk/pico/pico-sdk/lib/tinyusb/src/device/usbd_control.c.obj
                0x10006984                usbd_control_set_complete_callback
 .text.usbd_control_set_request
                0x10006990       0x1c CMakeFiles/Precision_inductance_meter.dir/C_/VSARM/sdk/pico/pico-sdk/lib/tinyusb/src/device/usbd_control.c.obj
                0x10006990                usbd_control_set_request
 .text.usbd_control_xfer_cb
                0x100069ac       0xfc CMakeFiles/Precision_inductance_meter.dir/C_/VSARM/sdk/pico/pico-sdk/lib/tinyusb/src/device/usbd_control.c.obj
                0x100069ac                usbd_control_xfer_cb
 .text._prep_out_transaction
                0x10006aa8       0x46 CMakeFiles/Precision_inductance_meter.dir/C_/VSARM/sdk/pico/pico-sdk/lib/tinyusb/src/class/cdc/cdc_device.c.obj
 *fill*         0x10006aee        0x2 
 .text.tud_cdc_n_connected
                0x10006af0       0x44 CMakeFiles/Precision_inductance_meter.dir/C_/VSARM/sdk/pico/pico-sdk/lib/tinyusb/src/class/cdc/cdc_device.c.obj
                0x10006af0                tud_cdc_n_connected
 .text.tud_cdc_n_available
                0x10006b34       0x18 CMakeFiles/Precision_inductance_meter.dir/C_/VSARM/sdk/pico/pico-sdk/lib/tinyusb/src/class/cdc/cdc_device.c.obj
                0x10006b34                tud_cdc_n_available
 .text.tud_cdc_n_read
                0x10006b4c       0x28 CMakeFiles/Precision_inductance_meter.dir/C_/VSARM/sdk/pico/pico-sdk/lib/tinyusb/src/class/cdc/cdc_device.c.obj
                0x10006b4c                tud_cdc_n_read
 .text.tud_cdc_n_write_flush
                0x10006b74       0xcc CMakeFiles/Precision_inductance_meter.dir/C_/VSARM/sdk/pico/pico-sdk/lib/tinyusb/src/class/cdc/cdc_device.c.obj
                0x10006b74                tud_cdc_n_write_flush
 .text.tud_cdc_n_write
                0x10006c40       0x38 CMakeFiles/Precision_inductance_meter.dir/C_/VSARM/sdk/pico/pico-sdk/lib/tinyusb/src/class/cdc/cdc_device.c.obj
                0x10006c40                tud_cdc_n_write
 .text.tud_cdc_n_write_available
                0x10006c78       0x1c CMakeFiles/Precision_inductance_meter.dir/C_/VSARM/sdk/pico/pico-sdk/lib/tinyusb/src/class/cdc/cdc_device.c.obj
                0x10006c78                tud_cdc_n_write_available
 .text.cdcd_init
                0x10006c94       0xbc CMakeFiles/Precision_inductance_meter.dir/C_/VSARM/sdk/pico/pico-sdk/lib/tinyusb/src/class/cdc/cdc_device.c.obj
                0x10006c94                cdcd_init
 .text.cdcd_reset
                0x10006d50       0x44 CMakeFiles/Precision_inductance_meter.dir/C_/VSARM/sdk/pico/pico-sdk/lib/tinyusb/src/class/cdc/cdc_device.c.obj
                0x10006d50                cdcd_reset
 .text.cdcd_open
                0x10006d94       0xf8 CMakeFiles/Precision_inductance_meter.dir/C_/VSARM/sdk/pico/pico-sdk/lib/tinyusb/src/class/cdc/cdc_device.c.obj
                0x10006d94                cdcd_open
 .text.cdcd_control_xfer_cb
                0x10006e8c      0x134 CMakeFiles/Precision_inductance_meter.dir/C_/VSARM/sdk/pico/pico-sdk/lib/tinyusb/src/class/cdc/cdc_device.c.obj
                0x10006e8c                cdcd_control_xfer_cb
 .text.cdcd_xfer_cb
                0x10006fc0      0x144 CMakeFiles/Precision_inductance_meter.dir/C_/VSARM/sdk/pico/pico-sdk/lib/tinyusb/src/class/cdc/cdc_device.c.obj
                0x10006fc0                cdcd_xfer_cb
 .text.tusb_init
                0x10007104       0x24 CMakeFiles/Precision_inductance_meter.dir/C_/VSARM/sdk/pico/pico-sdk/lib/tinyusb/src/tusb.c.obj
                0x10007104                tusb_init
 .text.tusb_inited
                0x10007128        0xe CMakeFiles/Precision_inductance_meter.dir/C_/VSARM/sdk/pico/pico-sdk/lib/tinyusb/src/tusb.c.obj
                0x10007128                tusb_inited
 *fill*         0x10007136        0x2 
 .text.tu_edpt_validate
                0x10007138       0xa8 CMakeFiles/Precision_inductance_meter.dir/C_/VSARM/sdk/pico/pico-sdk/lib/tinyusb/src/tusb.c.obj
                0x10007138                tu_edpt_validate
 .text.tu_edpt_bind_driver
                0x100071e0       0x2a CMakeFiles/Precision_inductance_meter.dir/C_/VSARM/sdk/pico/pico-sdk/lib/tinyusb/src/tusb.c.obj
                0x100071e0                tu_edpt_bind_driver
 .text.advance_pointer
                0x1000720a       0x18 CMakeFiles/Precision_inductance_meter.dir/C_/VSARM/sdk/pico/pico-sdk/lib/tinyusb/src/common/tusb_fifo.c.obj
 .text.backward_pointer
                0x10007222       0x1e CMakeFiles/Precision_inductance_meter.dir/C_/VSARM/sdk/pico/pico-sdk/lib/tinyusb/src/common/tusb_fifo.c.obj
 .text.get_relative_pointer
                0x10007240       0x10 CMakeFiles/Precision_inductance_meter.dir/C_/VSARM/sdk/pico/pico-sdk/lib/tinyusb/src/common/tusb_fifo.c.obj
 .text._tu_fifo_peek
                0x10007250       0x50 CMakeFiles/Precision_inductance_meter.dir/C_/VSARM/sdk/pico/pico-sdk/lib/tinyusb/src/common/tusb_fifo.c.obj
 .text._ff_pull_const_addr
                0x100072a0       0x4c CMakeFiles/Precision_inductance_meter.dir/C_/VSARM/sdk/pico/pico-sdk/lib/tinyusb/src/common/tusb_fifo.c.obj
 .text._ff_pull_n
                0x100072ec      0x10c CMakeFiles/Precision_inductance_meter.dir/C_/VSARM/sdk/pico/pico-sdk/lib/tinyusb/src/common/tusb_fifo.c.obj
 .text._tu_fifo_peek_n
                0x100073f8       0x5e CMakeFiles/Precision_inductance_meter.dir/C_/VSARM/sdk/pico/pico-sdk/lib/tinyusb/src/common/tusb_fifo.c.obj
 .text._tu_fifo_read_n
                0x10007456       0x4e CMakeFiles/Precision_inductance_meter.dir/C_/VSARM/sdk/pico/pico-sdk/lib/tinyusb/src/common/tusb_fifo.c.obj
 .text._ff_push_const_addr
                0x100074a4       0x40 CMakeFiles/Precision_inductance_meter.dir/C_/VSARM/sdk/pico/pico-sdk/lib/tinyusb/src/common/tusb_fifo.c.obj
 .text._ff_push_n
                0x100074e4      0x108 CMakeFiles/Precision_inductance_meter.dir/C_/VSARM/sdk/pico/pico-sdk/lib/tinyusb/src/common/tusb_fifo.c.obj
 .text._tu_fifo_write_n
                0x100075ec       0x9e CMakeFiles/Precision_inductance_meter.dir/C_/VSARM/sdk/pico/pico-sdk/lib/tinyusb/src/common/tusb_fifo.c.obj
 .text.tu_fifo_config
                0x1000768a       0x72 CMakeFiles/Precision_inductance_meter.dir/C_/VSARM/sdk/pico/pico-sdk/lib/tinyusb/src/common/tusb_fifo.c.obj
                0x1000768a                tu_fifo_config
 .text.tu_fifo_count
                0x100076fc       0x26 CMakeFiles/Precision_inductance_meter.dir/C_/VSARM/sdk/pico/pico-sdk/lib/tinyusb/src/common/tusb_fifo.c.obj
                0x100076fc                tu_fifo_count
 .text.tu_fifo_empty
                0x10007722       0x10 CMakeFiles/Precision_inductance_meter.dir/C_/VSARM/sdk/pico/pico-sdk/lib/tinyusb/src/common/tusb_fifo.c.obj
                0x10007722                tu_fifo_empty
 .text.tu_fifo_remaining
                0x10007732       0x20 CMakeFiles/Precision_inductance_meter.dir/C_/VSARM/sdk/pico/pico-sdk/lib/tinyusb/src/common/tusb_fifo.c.obj
                0x10007732                tu_fifo_remaining
 .text.tu_fifo_read
                0x10007752       0x42 CMakeFiles/Precision_inductance_meter.dir/C_/VSARM/sdk/pico/pico-sdk/lib/tinyusb/src/common/tusb_fifo.c.obj
                0x10007752                tu_fifo_read
 .text.tu_fifo_read_n
                0x10007794        0xa CMakeFiles/Precision_inductance_meter.dir/C_/VSARM/sdk/pico/pico-sdk/lib/tinyusb/src/common/tusb_fifo.c.obj
                0x10007794                tu_fifo_read_n
 .text.tu_fifo_write
                0x1000779e       0x6c CMakeFiles/Precision_inductance_meter.dir/C_/VSARM/sdk/pico/pico-sdk/lib/tinyusb/src/common/tusb_fifo.c.obj
                0x1000779e                tu_fifo_write
 .text.tu_fifo_write_n
                0x1000780a        0xa CMakeFiles/Precision_inductance_meter.dir/C_/VSARM/sdk/pico/pico-sdk/lib/tinyusb/src/common/tusb_fifo.c.obj
                0x1000780a                tu_fifo_write_n
 .text.tu_fifo_clear
                0x10007814       0x4c CMakeFiles/Precision_inductance_meter.dir/C_/VSARM/sdk/pico/pico-sdk/lib/tinyusb/src/common/tusb_fifo.c.obj
                0x10007814                tu_fifo_clear
 .text.tu_fifo_set_overwritable
                0x10007860       0x3c CMakeFiles/Precision_inductance_meter.dir/C_/VSARM/sdk/pico/pico-sdk/lib/tinyusb/src/common/tusb_fifo.c.obj
                0x10007860                tu_fifo_set_overwritable
 .text._retrieve_unique_id_on_boot
                0x1000789c       0x10 CMakeFiles/Precision_inductance_meter.dir/C_/VSARM/sdk/pico/pico-sdk/src/rp2_common/pico_unique_id/unique_id.c.obj
 .text.pico_get_unique_board_id_string
                0x100078ac       0x60 CMakeFiles/Precision_inductance_meter.dir/C_/VSARM/sdk/pico/pico-sdk/src/rp2_common/pico_unique_id/unique_id.c.obj
                0x100078ac                pico_get_unique_board_id_string
 .text.flash_get_unique_id
                0x1000790c       0x46 CMakeFiles/Precision_inductance_meter.dir/C_/VSARM/sdk/pico/pico-sdk/src/rp2_common/hardware_flash/flash.c.obj
                0x1000790c                flash_get_unique_id
 *fill*         0x10007952        0x2 
 .text.dma_claim_unused_channel
                0x10007954       0x20 CMakeFiles/Precision_inductance_meter.dir/C_/VSARM/sdk/pico/pico-sdk/src/rp2_common/hardware_dma/dma.c.obj
                0x10007954                dma_claim_unused_channel
 .text.adc_init
                0x10007974       0x34 CMakeFiles/Precision_inductance_meter.dir/C_/VSARM/sdk/pico/pico-sdk/src/rp2_common/hardware_adc/adc.c.obj
                0x10007974                adc_init
 .text.strlen   0x100079a8       0x5c c:/progra~2/gnuarm~1/102020~1/bin/../lib/gcc/arm-none-eabi/10.2.1/../../../../arm-none-eabi/lib/thumb/v6-m/nofp\libg.a(lib_a-strlen-stub.o)
                0x100079a8                strlen
 *(.fini)
 .fini          0x10007a04        0x4 c:/progra~2/gnuarm~1/102020~1/bin/../lib/gcc/arm-none-eabi/10.2.1/thumb/v6-m/nofp/crti.o
                0x10007a04                _fini
 .fini.__stub   0x10007a08       0x70 linker stubs
 *crtbegin.o(.ctors)
 *crtbegin?.o(.ctors)
 *(EXCLUDE_FILE(*crtend.o *crtend?.o) .ctors)
 *(SORT_BY_NAME(.ctors.*))
 *(.ctors)
 *crtbegin.o(.dtors)
 *crtbegin?.o(.dtors)
 *(EXCLUDE_FILE(*crtend.o *crtend?.o) .dtors)
 *(SORT_BY_NAME(.dtors.*))
 *(.dtors)
 *(.eh_frame*)
 .eh_frame      0x10007a78        0x0 c:/progra~2/gnuarm~1/102020~1/bin/../lib/gcc/arm-none-eabi/10.2.1/thumb/v6-m/nofp/crtbegin.o
                0x10007a78                . = ALIGN (0x4)

.glue_7         0x10007a78        0x0
 .glue_7        0x10007a78        0x0 linker stubs

.glue_7t        0x10007a78        0x0
 .glue_7t       0x10007a78        0x0 linker stubs

.vfp11_veneer   0x10007a78        0x0
 .vfp11_veneer  0x10007a78        0x0 linker stubs

.v4_bx          0x10007a78        0x0
 .v4_bx         0x10007a78        0x0 linker stubs

.iplt           0x10007a78        0x0
 .iplt          0x10007a78        0x0 c:/progra~2/gnuarm~1/102020~1/bin/../lib/gcc/arm-none-eabi/10.2.1/thumb/v6-m/nofp/crtbegin.o

.rodata         0x10007a78     0x96d4
 *(EXCLUDE_FILE(*libm.a: *libc.a:*lib_a-mem*.o *libgcc.a:) .rodata*)
 .rodata._Z13GetInductancev.str1.4
                0x10007a78        0xa CMakeFiles/Precision_inductance_meter.dir/main.cpp.obj
 *fill*         0x10007a82        0x2 
 .rodata.main.str1.4
                0x10007a84       0x35 CMakeFiles/Precision_inductance_meter.dir/main.cpp.obj
 *fill*         0x10007ab9        0x3 
 .rodata._ZN19PeripheralFunctions7InitADCEjm.str1.4
                0x10007abc       0xca CMakeFiles/Precision_inductance_meter.dir/peripheral_functions.cpp.obj
 *fill*         0x10007b86        0x2 
 .rodata._ZL10sine_table
                0x10007b88     0x8000 CMakeFiles/Precision_inductance_meter.dir/dft_lookup_tables.cpp.obj
 .rodata.spin_lock_claim_unused.str1.4
                0x1000fb88       0x1b CMakeFiles/Precision_inductance_meter.dir/C_/VSARM/sdk/pico/pico-sdk/src/rp2_common/hardware_sync/sync.c.obj
 *fill*         0x1000fba3        0x1 
 .rodata.repeating_timer_callback.str1.4
                0x1000fba4       0x4b CMakeFiles/Precision_inductance_meter.dir/C_/VSARM/sdk/pico/pico-sdk/src/common/pico_time/time.c.obj
 *fill*         0x1000fbef        0x1 
 .rodata.alarm_pool_dump_key.str1.4
                0x1000fbf0       0x33 CMakeFiles/Precision_inductance_meter.dir/C_/VSARM/sdk/pico/pico-sdk/src/common/pico_time/time.c.obj
 *fill*         0x1000fc23        0x1 
 .rodata.ph_add_child_node.str1.4
                0x1000fc24       0x96 CMakeFiles/Precision_inductance_meter.dir/C_/VSARM/sdk/pico/pico-sdk/src/common/pico_time/time.c.obj
 *fill*         0x1000fcba        0x2 
 .rodata.add_alarm_under_lock.str1.4
                0x1000fcbc       0x28 CMakeFiles/Precision_inductance_meter.dir/C_/VSARM/sdk/pico/pico-sdk/src/common/pico_time/time.c.obj
                                 0x2b (size before relaxing)
 .rodata.alarm_pool_alarm_callback.str1.4
                0x1000fce4       0xe6 CMakeFiles/Precision_inductance_meter.dir/C_/VSARM/sdk/pico/pico-sdk/src/common/pico_time/time.c.obj
 *fill*         0x1000fdca        0x2 
 .rodata.alarm_pool_get_default.str1.4
                0x1000fdcc       0x21 CMakeFiles/Precision_inductance_meter.dir/C_/VSARM/sdk/pico/pico-sdk/src/common/pico_time/time.c.obj
 *fill*         0x1000fded        0x3 
 .rodata.alarm_pool_cancel_alarm.str1.4
                0x1000fdf0       0x27 CMakeFiles/Precision_inductance_meter.dir/C_/VSARM/sdk/pico/pico-sdk/src/common/pico_time/time.c.obj
 *fill*         0x1000fe17        0x1 
 .rodata.sleep_until.str1.4
                0x1000fe18       0x4d CMakeFiles/Precision_inductance_meter.dir/C_/VSARM/sdk/pico/pico-sdk/src/common/pico_time/time.c.obj
 *fill*         0x1000fe65        0x3 
 .rodata.__func__.1
                0x1000fe68       0x18 CMakeFiles/Precision_inductance_meter.dir/C_/VSARM/sdk/pico/pico-sdk/src/common/pico_time/time.c.obj
 .rodata.__func__.10
                0x1000fe80       0x15 CMakeFiles/Precision_inductance_meter.dir/C_/VSARM/sdk/pico/pico-sdk/src/common/pico_time/time.c.obj
 *fill*         0x1000fe95        0x3 
 .rodata.__func__.11
                0x1000fe98       0x1a CMakeFiles/Precision_inductance_meter.dir/C_/VSARM/sdk/pico/pico-sdk/src/common/pico_time/time.c.obj
 *fill*         0x1000feb2        0x2 
 .rodata.__func__.12
                0x1000feb4        0xa CMakeFiles/Precision_inductance_meter.dir/C_/VSARM/sdk/pico/pico-sdk/src/common/pico_time/time.c.obj
 *fill*         0x1000febe        0x2 
 .rodata.__func__.3
                0x1000fec0       0x17 CMakeFiles/Precision_inductance_meter.dir/C_/VSARM/sdk/pico/pico-sdk/src/common/pico_time/time.c.obj
 *fill*         0x1000fed7        0x1 
 .rodata.__func__.4
                0x1000fed8       0x12 CMakeFiles/Precision_inductance_meter.dir/C_/VSARM/sdk/pico/pico-sdk/src/common/pico_time/time.c.obj
 *fill*         0x1000feea        0x2 
 .rodata.__func__.5
                0x1000feec        0xd CMakeFiles/Precision_inductance_meter.dir/C_/VSARM/sdk/pico/pico-sdk/src/common/pico_time/time.c.obj
 *fill*         0x1000fef9        0x3 
 .rodata.__func__.6
                0x1000fefc       0x12 CMakeFiles/Precision_inductance_meter.dir/C_/VSARM/sdk/pico/pico-sdk/src/common/pico_time/time.c.obj
 *fill*         0x1000ff0e        0x2 
 .rodata.__func__.7
                0x1000ff10        0xf CMakeFiles/Precision_inductance_meter.dir/C_/VSARM/sdk/pico/pico-sdk/src/common/pico_time/time.c.obj
 *fill*         0x1000ff1f        0x1 
 .rodata.__func__.8
                0x1000ff20        0xc CMakeFiles/Precision_inductance_meter.dir/C_/VSARM/sdk/pico/pico-sdk/src/common/pico_time/time.c.obj
 .rodata.__func__.9
                0x1000ff2c       0x15 CMakeFiles/Precision_inductance_meter.dir/C_/VSARM/sdk/pico/pico-sdk/src/common/pico_time/time.c.obj
 *fill*         0x1000ff41        0x3 
 .rodata.hardware_alarm_claim.str1.4
                0x1000ff44       0x22 CMakeFiles/Precision_inductance_meter.dir/C_/VSARM/sdk/pico/pico-sdk/src/rp2_common/hardware_timer/timer.c.obj
 *fill*         0x1000ff66        0x2 
 .rodata.hardware_alarm_set_target.str1.4
                0x1000ff68       0x65 CMakeFiles/Precision_inductance_meter.dir/C_/VSARM/sdk/pico/pico-sdk/src/rp2_common/hardware_timer/timer.c.obj
 *fill*         0x1000ffcd        0x3 
 .rodata.__func__.0
                0x1000ffd0       0x1a CMakeFiles/Precision_inductance_meter.dir/C_/VSARM/sdk/pico/pico-sdk/src/rp2_common/hardware_timer/timer.c.obj
 *fill*         0x1000ffea        0x2 
 .rodata.str1.4
                0x1000ffec       0x89 CMakeFiles/Precision_inductance_meter.dir/C_/VSARM/sdk/pico/pico-sdk/src/common/pico_sync/mutex.c.obj
                                 0xed (size before relaxing)
 *fill*         0x10010075        0x3 
 .rodata.__func__.1
                0x10010078        0xb CMakeFiles/Precision_inductance_meter.dir/C_/VSARM/sdk/pico/pico-sdk/src/common/pico_sync/mutex.c.obj
 *fill*         0x10010083        0x1 
 .rodata.__func__.3
                0x10010084       0x18 CMakeFiles/Precision_inductance_meter.dir/C_/VSARM/sdk/pico/pico-sdk/src/common/pico_sync/mutex.c.obj
 .rodata.__func__.4
                0x1001009c       0x15 CMakeFiles/Precision_inductance_meter.dir/C_/VSARM/sdk/pico/pico-sdk/src/common/pico_sync/mutex.c.obj
 .rodata.ph_add_child_node.str1.4
                0x100100b1       0x96 CMakeFiles/Precision_inductance_meter.dir/C_/VSARM/sdk/pico/pico-sdk/src/common/pico_util/pheap.c.obj
 *fill*         0x100100b1        0x3 
 .rodata.ph_remove_any_head.str1.4
                0x100100b4       0x8c CMakeFiles/Precision_inductance_meter.dir/C_/VSARM/sdk/pico/pico-sdk/src/common/pico_util/pheap.c.obj
 .rodata.ph_remove_and_free_node.str1.4
                0x10010140       0x26 CMakeFiles/Precision_inductance_meter.dir/C_/VSARM/sdk/pico/pico-sdk/src/common/pico_util/pheap.c.obj
 *fill*         0x10010166        0x2 
 .rodata.__func__.0
                0x10010168       0x18 CMakeFiles/Precision_inductance_meter.dir/C_/VSARM/sdk/pico/pico-sdk/src/common/pico_util/pheap.c.obj
 .rodata.__func__.1
                0x10010180       0x13 CMakeFiles/Precision_inductance_meter.dir/C_/VSARM/sdk/pico/pico-sdk/src/common/pico_util/pheap.c.obj
 *fill*         0x10010193        0x1 
 .rodata.__func__.2
                0x10010194       0x12 CMakeFiles/Precision_inductance_meter.dir/C_/VSARM/sdk/pico/pico-sdk/src/common/pico_util/pheap.c.obj
 *fill*         0x100101a6        0x2 
 .rodata.__func__.3
                0x100101a8        0xc CMakeFiles/Precision_inductance_meter.dir/C_/VSARM/sdk/pico/pico-sdk/src/common/pico_util/pheap.c.obj
 .rodata.__assert_func.str1.4
                0x100101b4       0x3f CMakeFiles/Precision_inductance_meter.dir/C_/VSARM/sdk/pico/pico-sdk/src/rp2_common/pico_runtime/runtime.c.obj
                                 0x43 (size before relaxing)
 *fill*         0x100101f3        0x1 
 .rodata.runtime_init.str1.4
                0x100101f4       0x61 CMakeFiles/Precision_inductance_meter.dir/C_/VSARM/sdk/pico/pico-sdk/src/rp2_common/pico_runtime/runtime.c.obj
 *fill*         0x10010255        0x3 
 .rodata.panic.str1.4
                0x10010258       0x10 CMakeFiles/Precision_inductance_meter.dir/C_/VSARM/sdk/pico/pico-sdk/src/rp2_common/pico_runtime/runtime.c.obj
                                 0x12 (size before relaxing)
 .rodata.__func__.1
                0x10010268        0xd CMakeFiles/Precision_inductance_meter.dir/C_/VSARM/sdk/pico/pico-sdk/src/rp2_common/pico_runtime/runtime.c.obj
 *fill*         0x10010275        0x3 
 .rodata.clock_configure.str1.4
                0x10010278       0x57 CMakeFiles/Precision_inductance_meter.dir/C_/VSARM/sdk/pico/pico-sdk/src/rp2_common/hardware_clocks/clocks.c.obj
 *fill*         0x100102cf        0x1 
 .rodata.__func__.1
                0x100102d0       0x10 CMakeFiles/Precision_inductance_meter.dir/C_/VSARM/sdk/pico/pico-sdk/src/rp2_common/hardware_clocks/clocks.c.obj
 .rodata.make_branch.str1.4
                0x100102e0       0x4d CMakeFiles/Precision_inductance_meter.dir/C_/VSARM/sdk/pico/pico-sdk/src/rp2_common/hardware_irq/irq.c.obj
 *fill*         0x1001032d        0x3 
 .rodata.irq_set_exclusive_handler.str1.4
                0x10010330       0x36 CMakeFiles/Precision_inductance_meter.dir/C_/VSARM/sdk/pico/pico-sdk/src/rp2_common/hardware_irq/irq.c.obj
 *fill*         0x10010366        0x2 
 .rodata.irq_add_shared_handler.str1.4
                0x10010368       0xd9 CMakeFiles/Precision_inductance_meter.dir/C_/VSARM/sdk/pico/pico-sdk/src/rp2_common/hardware_irq/irq.c.obj
 *fill*         0x10010441        0x3 
 .rodata.irq_remove_handler.str1.4
                0x10010444       0x2a CMakeFiles/Precision_inductance_meter.dir/C_/VSARM/sdk/pico/pico-sdk/src/rp2_common/hardware_irq/irq.c.obj
 *fill*         0x1001046e        0x2 
 .rodata.irq_add_tail_to_free_list.str1.4
                0x10010470       0x32 CMakeFiles/Precision_inductance_meter.dir/C_/VSARM/sdk/pico/pico-sdk/src/rp2_common/hardware_irq/irq.c.obj
                                 0x3a (size before relaxing)
 *fill*         0x100104a2        0x2 
 .rodata.__func__.0
                0x100104a4       0x1a CMakeFiles/Precision_inductance_meter.dir/C_/VSARM/sdk/pico/pico-sdk/src/rp2_common/hardware_irq/irq.c.obj
 *fill*         0x100104be        0x2 
 .rodata.__func__.1
                0x100104c0       0x17 CMakeFiles/Precision_inductance_meter.dir/C_/VSARM/sdk/pico/pico-sdk/src/rp2_common/hardware_irq/irq.c.obj
 *fill*         0x100104d7        0x1 
 .rodata.__func__.2
                0x100104d8       0x13 CMakeFiles/Precision_inductance_meter.dir/C_/VSARM/sdk/pico/pico-sdk/src/rp2_common/hardware_irq/irq.c.obj
 *fill*         0x100104eb        0x1 
 .rodata.__func__.3
                0x100104ec        0xc CMakeFiles/Precision_inductance_meter.dir/C_/VSARM/sdk/pico/pico-sdk/src/rp2_common/hardware_irq/irq.c.obj
 .rodata.__func__.4
                0x100104f8        0xf CMakeFiles/Precision_inductance_meter.dir/C_/VSARM/sdk/pico/pico-sdk/src/rp2_common/hardware_irq/irq.c.obj
 *fill*         0x10010507        0x1 
 .rodata.__func__.6
                0x10010508       0x1a CMakeFiles/Precision_inductance_meter.dir/C_/VSARM/sdk/pico/pico-sdk/src/rp2_common/hardware_irq/irq.c.obj
 *fill*         0x10010522        0x2 
 .rodata.pll_init.str1.4
                0x10010524       0xdb CMakeFiles/Precision_inductance_meter.dir/C_/VSARM/sdk/pico/pico-sdk/src/rp2_common/hardware_pll/pll.c.obj
 *fill*         0x100105ff        0x1 
 .rodata.__func__.0
                0x10010600        0x9 CMakeFiles/Precision_inductance_meter.dir/C_/VSARM/sdk/pico/pico-sdk/src/rp2_common/hardware_pll/pll.c.obj
 *fill*         0x10010609        0x3 
 .rodata._ftoa.str1.4
                0x1001060c       0x15 CMakeFiles/Precision_inductance_meter.dir/C_/VSARM/sdk/pico/pico-sdk/src/rp2_common/pico_printf/printf.c.obj
 *fill*         0x10010621        0x3 
 .rodata._vsnprintf
                0x10010624      0x1e0 CMakeFiles/Precision_inductance_meter.dir/C_/VSARM/sdk/pico/pico-sdk/src/rp2_common/pico_printf/printf.c.obj
 *fill*         0x10010804        0x4 
 .rodata.pow10.0
                0x10010808       0x50 CMakeFiles/Precision_inductance_meter.dir/C_/VSARM/sdk/pico/pico-sdk/src/rp2_common/pico_printf/printf.c.obj
 .rodata.__aeabi_double_init.str1.4
                0x10010858       0xa8 CMakeFiles/Precision_inductance_meter.dir/C_/VSARM/sdk/pico/pico-sdk/src/rp2_common/pico_double/double_init_rom.c.obj
 .rodata.__func__.0
                0x10010900       0x14 CMakeFiles/Precision_inductance_meter.dir/C_/VSARM/sdk/pico/pico-sdk/src/rp2_common/pico_double/double_init_rom.c.obj
 .rodata.__aeabi_float_init.str1.4
                0x10010914       0x7a CMakeFiles/Precision_inductance_meter.dir/C_/VSARM/sdk/pico/pico-sdk/src/rp2_common/pico_float/float_init_rom.c.obj
                                 0x7e (size before relaxing)
 *fill*         0x1001098e        0x2 
 .rodata.__func__.0
                0x10010990       0x13 CMakeFiles/Precision_inductance_meter.dir/C_/VSARM/sdk/pico/pico-sdk/src/rp2_common/pico_float/float_init_rom.c.obj
 *fill*         0x100109a3        0x1 
 .rodata.str1.4
                0x100109a4       0x50 CMakeFiles/Precision_inductance_meter.dir/C_/VSARM/sdk/pico/pico-sdk/src/rp2_common/pico_standard_link/binary_info.c.obj
 .rodata.__bi_44
                0x100109f4        0xc CMakeFiles/Precision_inductance_meter.dir/C_/VSARM/sdk/pico/pico-sdk/src/rp2_common/pico_standard_link/binary_info.c.obj
 .rodata.__bi_75
                0x10010a00        0xc CMakeFiles/Precision_inductance_meter.dir/C_/VSARM/sdk/pico/pico-sdk/src/rp2_common/pico_standard_link/binary_info.c.obj
 .rodata.__bi_81
                0x10010a0c        0xc CMakeFiles/Precision_inductance_meter.dir/C_/VSARM/sdk/pico/pico-sdk/src/rp2_common/pico_standard_link/binary_info.c.obj
 .rodata.crlf_str.3
                0x10010a18        0x2 CMakeFiles/Precision_inductance_meter.dir/C_/VSARM/sdk/pico/pico-sdk/src/rp2_common/pico_stdio/stdio.c.obj
 *fill*         0x10010a1a        0x2 
 .rodata._resetd_driver
                0x10010a1c       0x18 CMakeFiles/Precision_inductance_meter.dir/C_/VSARM/sdk/pico/pico-sdk/src/rp2_common/pico_stdio_usb/reset_interface.c.obj
 .rodata.stdio_usb_init.str1.4
                0x10010a34       0x61 CMakeFiles/Precision_inductance_meter.dir/C_/VSARM/sdk/pico/pico-sdk/src/rp2_common/pico_stdio_usb/stdio_usb.c.obj
 .rodata.str1.4
                0x10010a34       0x13 CMakeFiles/Precision_inductance_meter.dir/C_/VSARM/sdk/pico/pico-sdk/src/rp2_common/pico_stdio_usb/stdio_usb.c.obj
 *fill*         0x10010a47        0x1 
 .rodata.__bi_93.1
                0x10010a48        0xc CMakeFiles/Precision_inductance_meter.dir/C_/VSARM/sdk/pico/pico-sdk/src/rp2_common/pico_stdio_usb/stdio_usb.c.obj
 .rodata.__func__.0
                0x10010a54       0x15 CMakeFiles/Precision_inductance_meter.dir/C_/VSARM/sdk/pico/pico-sdk/src/rp2_common/pico_stdio_usb/stdio_usb.c.obj
 *fill*         0x10010a69        0x3 
 .rodata.str1.4
                0x10010a6c       0x2a CMakeFiles/Precision_inductance_meter.dir/C_/VSARM/sdk/pico/pico-sdk/src/rp2_common/pico_stdio_usb/stdio_usb_descriptors.c.obj
 *fill*         0x10010a96        0x2 
 .rodata.usbd_desc_cfg
                0x10010a98       0x54 CMakeFiles/Precision_inductance_meter.dir/C_/VSARM/sdk/pico/pico-sdk/src/rp2_common/pico_stdio_usb/stdio_usb_descriptors.c.obj
 .rodata.usbd_desc_device
                0x10010aec       0x12 CMakeFiles/Precision_inductance_meter.dir/C_/VSARM/sdk/pico/pico-sdk/src/rp2_common/pico_stdio_usb/stdio_usb_descriptors.c.obj
 *fill*         0x10010afe        0x2 
 .rodata.usbd_desc_str
                0x10010b00       0x18 CMakeFiles/Precision_inductance_meter.dir/C_/VSARM/sdk/pico/pico-sdk/src/rp2_common/pico_stdio_usb/stdio_usb_descriptors.c.obj
 .rodata._hw_endpoint_alloc.str1.4
                0x10010b18       0xb5 CMakeFiles/Precision_inductance_meter.dir/C_/VSARM/sdk/pico/pico-sdk/lib/tinyusb/src/portable/raspberrypi/rp2040/dcd_rp2040.c.obj
 *fill*         0x10010bcd        0x3 
 .rodata.dcd_rp2040_irq.str1.4
                0x10010bd0       0x14 CMakeFiles/Precision_inductance_meter.dir/C_/VSARM/sdk/pico/pico-sdk/lib/tinyusb/src/portable/raspberrypi/rp2040/dcd_rp2040.c.obj
 .rodata.dcd_int_enable.str1.4
                0x10010be4        0xc CMakeFiles/Precision_inductance_meter.dir/C_/VSARM/sdk/pico/pico-sdk/lib/tinyusb/src/portable/raspberrypi/rp2040/dcd_rp2040.c.obj
 .rodata.__func__.0
                0x10010bf0        0xe CMakeFiles/Precision_inductance_meter.dir/C_/VSARM/sdk/pico/pico-sdk/lib/tinyusb/src/portable/raspberrypi/rp2040/dcd_rp2040.c.obj
 *fill*         0x10010bfe        0x2 
 .rodata.__func__.1
                0x10010c00        0xe CMakeFiles/Precision_inductance_meter.dir/C_/VSARM/sdk/pico/pico-sdk/lib/tinyusb/src/portable/raspberrypi/rp2040/dcd_rp2040.c.obj
 *fill*         0x10010c0e        0x2 
 .rodata.__func__.3
                0x10010c10       0x10 CMakeFiles/Precision_inductance_meter.dir/C_/VSARM/sdk/pico/pico-sdk/lib/tinyusb/src/portable/raspberrypi/rp2040/dcd_rp2040.c.obj
 .rodata.__func__.5
                0x10010c20        0xf CMakeFiles/Precision_inductance_meter.dir/C_/VSARM/sdk/pico/pico-sdk/lib/tinyusb/src/portable/raspberrypi/rp2040/dcd_rp2040.c.obj
 *fill*         0x10010c2f        0x1 
 .rodata.__func__.6
                0x10010c30       0x13 CMakeFiles/Precision_inductance_meter.dir/C_/VSARM/sdk/pico/pico-sdk/lib/tinyusb/src/portable/raspberrypi/rp2040/dcd_rp2040.c.obj
 *fill*         0x10010c43        0x1 
 .rodata.__func__.7
                0x10010c44        0x9 CMakeFiles/Precision_inductance_meter.dir/C_/VSARM/sdk/pico/pico-sdk/lib/tinyusb/src/portable/raspberrypi/rp2040/dcd_rp2040.c.obj
 *fill*         0x10010c4d        0x3 
 .rodata.sync_ep_buffer.str1.4
                0x10010c50       0x91 CMakeFiles/Precision_inductance_meter.dir/C_/VSARM/sdk/pico/pico-sdk/lib/tinyusb/src/portable/raspberrypi/rp2040/rp2040_usb.c.obj
 *fill*         0x10010ce1        0x3 
 .rodata._hw_endpoint_buffer_control_update32.str1.4
                0x10010ce4       0x1f CMakeFiles/Precision_inductance_meter.dir/C_/VSARM/sdk/pico/pico-sdk/lib/tinyusb/src/portable/raspberrypi/rp2040/rp2040_usb.c.obj
 *fill*         0x10010d03        0x1 
 .rodata.hw_endpoint_xfer_start.str1.4
                0x10010d04       0x38 CMakeFiles/Precision_inductance_meter.dir/C_/VSARM/sdk/pico/pico-sdk/lib/tinyusb/src/portable/raspberrypi/rp2040/rp2040_usb.c.obj
 .rodata.hw_endpoint_xfer_continue.str1.4
                0x10010d3c       0x29 CMakeFiles/Precision_inductance_meter.dir/C_/VSARM/sdk/pico/pico-sdk/lib/tinyusb/src/portable/raspberrypi/rp2040/rp2040_usb.c.obj
 *fill*         0x10010d65        0x3 
 .rodata.str1.4
                0x10010d68        0x7 CMakeFiles/Precision_inductance_meter.dir/C_/VSARM/sdk/pico/pico-sdk/lib/tinyusb/src/portable/raspberrypi/rp2040/rp2040_usb.c.obj
 *fill*         0x10010d6f        0x1 
 .rodata.__func__.0
                0x10010d70        0xf CMakeFiles/Precision_inductance_meter.dir/C_/VSARM/sdk/pico/pico-sdk/lib/tinyusb/src/portable/raspberrypi/rp2040/rp2040_usb.c.obj
 *fill*         0x10010d7f        0x1 
 .rodata.process_set_config.str1.4
                0x10010d80       0x17 CMakeFiles/Precision_inductance_meter.dir/C_/VSARM/sdk/pico/pico-sdk/lib/tinyusb/src/device/usbd.c.obj
 *fill*         0x10010d97        0x1 
 .rodata.process_get_descriptor
                0x10010d98       0x40 CMakeFiles/Precision_inductance_meter.dir/C_/VSARM/sdk/pico/pico-sdk/lib/tinyusb/src/device/usbd.c.obj
 .rodata.process_control_request
                0x10010dd8       0x28 CMakeFiles/Precision_inductance_meter.dir/C_/VSARM/sdk/pico/pico-sdk/lib/tinyusb/src/device/usbd.c.obj
 .rodata.tud_task
                0x10010e00       0x24 CMakeFiles/Precision_inductance_meter.dir/C_/VSARM/sdk/pico/pico-sdk/lib/tinyusb/src/device/usbd.c.obj
 .rodata.__func__.2
                0x10010e24        0xf CMakeFiles/Precision_inductance_meter.dir/C_/VSARM/sdk/pico/pico-sdk/lib/tinyusb/src/device/usbd.c.obj
 *fill*         0x10010e33        0x1 
 .rodata.__func__.3
                0x10010e34        0xf CMakeFiles/Precision_inductance_meter.dir/C_/VSARM/sdk/pico/pico-sdk/lib/tinyusb/src/device/usbd.c.obj
 *fill*         0x10010e43        0x1 
 .rodata.__func__.4
                0x10010e44       0x14 CMakeFiles/Precision_inductance_meter.dir/C_/VSARM/sdk/pico/pico-sdk/lib/tinyusb/src/device/usbd.c.obj
 .rodata.__func__.5
                0x10010e58       0x10 CMakeFiles/Precision_inductance_meter.dir/C_/VSARM/sdk/pico/pico-sdk/lib/tinyusb/src/device/usbd.c.obj
 .rodata.__func__.6
                0x10010e68       0x17 CMakeFiles/Precision_inductance_meter.dir/C_/VSARM/sdk/pico/pico-sdk/lib/tinyusb/src/device/usbd.c.obj
 *fill*         0x10010e7f        0x1 
 .rodata.__func__.7
                0x10010e80       0x13 CMakeFiles/Precision_inductance_meter.dir/C_/VSARM/sdk/pico/pico-sdk/lib/tinyusb/src/device/usbd.c.obj
 *fill*         0x10010e93        0x1 
 .rodata.__func__.8
                0x10010e94       0x18 CMakeFiles/Precision_inductance_meter.dir/C_/VSARM/sdk/pico/pico-sdk/lib/tinyusb/src/device/usbd.c.obj
 .rodata.__func__.9
                0x10010eac        0x9 CMakeFiles/Precision_inductance_meter.dir/C_/VSARM/sdk/pico/pico-sdk/lib/tinyusb/src/device/usbd.c.obj
 *fill*         0x10010eb5        0x3 
 .rodata._usbd_driver
                0x10010eb8       0x18 CMakeFiles/Precision_inductance_meter.dir/C_/VSARM/sdk/pico/pico-sdk/lib/tinyusb/src/device/usbd.c.obj
 .rodata.tud_control_xfer.str1.4
                0x10010ed0       0x17 CMakeFiles/Precision_inductance_meter.dir/C_/VSARM/sdk/pico/pico-sdk/lib/tinyusb/src/device/usbd_control.c.obj
 .rodata.__func__.0
                0x10010ed0       0x15 CMakeFiles/Precision_inductance_meter.dir/C_/VSARM/sdk/pico/pico-sdk/lib/tinyusb/src/device/usbd_control.c.obj
 *fill*         0x10010ee5        0x3 
 .rodata.__func__.1
                0x10010ee8       0x11 CMakeFiles/Precision_inductance_meter.dir/C_/VSARM/sdk/pico/pico-sdk/lib/tinyusb/src/device/usbd_control.c.obj
 .rodata.tud_cdc_n_write_flush.str1.4
                0x10010ef9       0x17 CMakeFiles/Precision_inductance_meter.dir/C_/VSARM/sdk/pico/pico-sdk/lib/tinyusb/src/class/cdc/cdc_device.c.obj
 *fill*         0x10010ef9        0x3 
 .rodata.__func__.0
                0x10010efc        0xd CMakeFiles/Precision_inductance_meter.dir/C_/VSARM/sdk/pico/pico-sdk/lib/tinyusb/src/class/cdc/cdc_device.c.obj
 *fill*         0x10010f09        0x3 
 .rodata.__func__.1
                0x10010f0c        0xa CMakeFiles/Precision_inductance_meter.dir/C_/VSARM/sdk/pico/pico-sdk/lib/tinyusb/src/class/cdc/cdc_device.c.obj
 *fill*         0x10010f16        0x2 
 .rodata.__func__.2
                0x10010f18       0x16 CMakeFiles/Precision_inductance_meter.dir/C_/VSARM/sdk/pico/pico-sdk/lib/tinyusb/src/class/cdc/cdc_device.c.obj
 .rodata.tusb_init.str1.4
                0x10010f2e       0x17 CMakeFiles/Precision_inductance_meter.dir/C_/VSARM/sdk/pico/pico-sdk/lib/tinyusb/src/tusb.c.obj
 *fill*         0x10010f2e        0x2 
 .rodata.__func__.0
                0x10010f30       0x11 CMakeFiles/Precision_inductance_meter.dir/C_/VSARM/sdk/pico/pico-sdk/lib/tinyusb/src/tusb.c.obj
 *fill*         0x10010f41        0x3 
 .rodata.__func__.1
                0x10010f44        0xa CMakeFiles/Precision_inductance_meter.dir/C_/VSARM/sdk/pico/pico-sdk/lib/tinyusb/src/tusb.c.obj
 *fill*         0x10010f4e        0x2 
 .rodata.pico_get_unique_board_id_string.str1.4
                0x10010f50       0x4d CMakeFiles/Precision_inductance_meter.dir/C_/VSARM/sdk/pico/pico-sdk/src/rp2_common/pico_unique_id/unique_id.c.obj
 *fill*         0x10010f9d        0x3 
 .rodata.__func__.0
                0x10010fa0       0x20 CMakeFiles/Precision_inductance_meter.dir/C_/VSARM/sdk/pico/pico-sdk/src/rp2_common/pico_unique_id/unique_id.c.obj
 .rodata.str1.4
                0x10010fc0      0x15a CMakeFiles/Precision_inductance_meter.dir/C_/VSARM/sdk/pico/pico-sdk/src/rp2_common/hardware_flash/flash.c.obj
 *fill*         0x1001111a        0x2 
 .rodata.__func__.0
                0x1001111c        0xd CMakeFiles/Precision_inductance_meter.dir/C_/VSARM/sdk/pico/pico-sdk/src/rp2_common/hardware_flash/flash.c.obj
 *fill*         0x10011129        0x3 
 .rodata.dma_claim_unused_channel.str1.4
                0x1001112c       0x1e CMakeFiles/Precision_inductance_meter.dir/C_/VSARM/sdk/pico/pico-sdk/src/rp2_common/hardware_dma/dma.c.obj
                0x1001114c                . = ALIGN (0x4)
 *fill*         0x1001114a        0x2 
 *(SORT_BY_ALIGNMENT(SORT_BY_NAME(.flashdata*)))
                0x1001114c                . = ALIGN (0x4)

.rel.dyn        0x1001114c        0x0
 .rel.iplt      0x1001114c        0x0 c:/progra~2/gnuarm~1/102020~1/bin/../lib/gcc/arm-none-eabi/10.2.1/thumb/v6-m/nofp/crtbegin.o

.ARM.extab
 *(.ARM.extab* .gnu.linkonce.armextab.*)
                0x1001114c                __exidx_start = .

.ARM.exidx
 *(.ARM.exidx* .gnu.linkonce.armexidx.*)
                0x1001114c                __exidx_end = .
                0x1001114c                . = ALIGN (0x4)
                0x1001114c                __binary_info_start = .

.binary_info    0x1001114c       0x20
 *(.binary_info.keep.*)
 .binary_info.keep.__bi_ptr22
                0x1001114c        0x4 CMakeFiles/Precision_inductance_meter.dir/C_/VSARM/sdk/pico/pico-sdk/src/rp2_common/pico_standard_link/binary_info.c.obj
 .binary_info.keep.__bi_ptr30